Component: ARM Compiler 5.06 update 1 (build 61) Tool: armlink [4d35a8]

==============================================================================

Section Cross References

    encoder.o(.text) refers to InterruptIn.o(i._ZN4mbed11InterruptInC1E7PinName) for mbed::InterruptIn::InterruptIn(PinName)
    encoder.o(.text) refers to InterruptIn.o(i._ZN4mbed11InterruptIn4readEv) for mbed::InterruptIn::read()
    encoder.o(.text) refers to encoder.o(t._ZN4mbed19FunctionPointerArg1IvvE6attachI7EncoderEEvPT_MS4_FvvE) for void mbed::FunctionPointerArg1<void, void>::attach<Encoder>(T1*, void(T1::*)())
    encoder.o(.text) refers to gpio_irq_api.o(i.gpio_irq_set) for gpio_irq_set
    encoder.o(.text) refers to main.o(.bss) for leftEncoder
    encoder.o(.text) refers to drive_control.o(.bss) for leftEncoder
    encoder.o(.text) refers to encoder.o(.constdata) for <Data1>
    encoder.o(.ARM.exidx) refers to encoder.o(.text) for .text
    encoder.o(.constdata) refers to encoder.o(.text) for Encoder::encode()
    motor.o(.text) refers to motor.o(i._ZN4mbed10DigitalOutaSEi) for mbed::DigitalOut::operator =(int)
    motor.o(.text) refers to motor.o(i._ZN4mbed6PwmOutaSEf) for mbed::PwmOut::operator =(float)
    motor.o(.text) refers to encoder.o(.text) for resetEncoders()
    motor.o(.text) refers to Ticker.o(i._ZN4mbed6Ticker5setupEj) for mbed::Ticker::setup(unsigned)
    motor.o(.text) refers to pwmout_api.o(i.pwmout_init) for pwmout_init
    motor.o(.text) refers to motor.o(i._ZN4mbed10DigitalOutC1E7PinName) for mbed::DigitalOut::DigitalOut(PinName)
    motor.o(.text) refers to pwmout_api.o(i.pwmout_period) for pwmout_period
    motor.o(.text) refers to TimerEvent.o(i._ZN4mbed10TimerEventC2Ev) for mbed::TimerEvent::TimerEvent__sub_object()
    motor.o(.text) refers to aeabi_atexit.o(.text) for __aeabi_atexit
    motor.o(.text) refers to main.o(.bss) for leftMotor
    motor.o(.text) refers to drive_control.o(.bss) for leftMotor
    motor.o(.text) refers to motor.o(.bss) for motorInOperation
    motor.o(.text) refers to motor.o(.constdata) for <Data1>
    motor.o(.text) refers to motor.o(t._ZN4mbed19FunctionPointerArg1IvvE12membercallerI9DriveLockEEvPvPj) for void mbed::FunctionPointerArg1<void, void>::membercaller<DriveLock>(void*, unsigned*)
    motor.o(.text) refers to Ticker.o(.constdata__ZTVN4mbed6TickerE) for vtable for mbed::Ticker
    motor.o(.text) refers to Ticker.o(i._ZN4mbed6TickerD1Ev) for mbed::Ticker::~Ticker()
    motor.o(.ARM.exidx) refers to motor.o(.text) for .text
    motor.o(.constdata) refers to motor.o(i._ZN9DriveLock5driveEv) for DriveLock::drive()
    motor.o(.init_array) refers to motor.o(.text) for __sti___9_motor_cpp_c7650d62
    motor.o(.init_array) refers to cpp_init.o(.text) for __cpp_initialize__aeabi_
    ir.o(.text) refers to gpio.o(i.gpio_init_out) for gpio_init_out
    ir.o(.text) refers to analogin_api.o(i.analogin_init) for analogin_init
    ir.o(.ARM.exidx) refers to ir.o(.text) for .text
    gyro.o(.text) refers to gyro.o(i._ZN4mbed6TickerC1Ev) for mbed::Ticker::Ticker()
    gyro.o(.text) refers to analogin_api.o(i.analogin_init) for analogin_init
    gyro.o(.text) refers to gyro.o(t._ZN4mbed6Ticker6attachI4GyroEEvPT_MS3_FvvEf) for void mbed::Ticker::attach<Gyro>(T1*, void(T1::*)(), float)
    gyro.o(.text) refers to Ticker.o(i._ZN4mbed6Ticker6detachEv) for mbed::Ticker::detach()
    gyro.o(.text) refers to gyro.o(i._ZN4mbed8AnalogIncvfEv) for mbed::AnalogIn::operator float()
    gyro.o(.text) refers to f2d.o(.text) for __aeabi_f2d
    gyro.o(.text) refers to ddiv.o(.text) for __aeabi_ddiv
    gyro.o(.text) refers to dmul.o(.text) for __aeabi_dmul
    gyro.o(.text) refers to dadd.o(.text) for __aeabi_dadd
    gyro.o(.text) refers to d2f.o(.text) for __aeabi_d2f
    gyro.o(.text) refers to aeabi_atexit.o(.text) for __aeabi_atexit
    gyro.o(.text) refers to gyro.o(.constdata) for <Data1>
    gyro.o(.text) refers to gyro.o(.bss) for gyroTimeOut
    gyro.o(.text) refers to Timeout.o(.constdata__ZTVN4mbed7TimeoutE) for vtable for mbed::Timeout
    gyro.o(.text) refers to Timeout.o(i._ZN4mbed7TimeoutD1Ev) for mbed::Timeout::~Timeout()
    gyro.o(.ARM.exidx) refers to gyro.o(.text) for .text
    gyro.o(.constdata) refers to gyro.o(.text) for Gyro::calibrate()
    gyro.o(.init_array) refers to gyro.o(.text) for __sti___8_gyro_cpp_247710d1
    gyro.o(.init_array) refers to cpp_init.o(.text) for __cpp_initialize__aeabi_
    main.o(.text) refers to memcpya.o(.text) for __aeabi_memcpy4
    main.o(.text) refers to Stream.o(i._ZN4mbed6Stream6printfEPKcz) for mbed::Stream::printf(const char*, ...)
    main.o(.text) refers to f2d.o(.text) for __aeabi_f2d
    main.o(.text) refers to main.o(t._ZN4mbed19FunctionPointerArg1IvvE6attachEPFvvE) for mbed::FunctionPointerArg1<void, void>::attach(void(*)())
    main.o(.text) refers to Ticker.o(i._ZN4mbed6Ticker5setupEj) for mbed::Ticker::setup(unsigned)
[...]
    gpio_api.o(i.gpio_dir) refers to pinmap.o(i.pin_function) for pin_function
    gpio_api.o(i.gpio_dir) refers to gpio_api.o(.conststring) for .conststring
    gpio_api.o(i.gpio_init) refers to pinmap.o(i.Set_GPIO_Clock) for Set_GPIO_Clock
    gpio_api.o(i.gpio_init) refers to pinmap.o(i.pin_function) for pin_function
    gpio_api.o(i.gpio_mode) refers to pinmap.o(i.pin_mode) for pin_mode
    gpio_api.o(i.gpio_set) refers to assert.o(i.mbed_assert_internal) for mbed_assert_internal
    gpio_api.o(i.gpio_set) refers to pinmap.o(i.pin_function) for pin_function
    gpio_api.o(i.gpio_set) refers to gpio_api.o(.conststring) for .conststring
    pinmap.o(i.Set_GPIO_Clock) refers to error.o(i.error) for error
    pinmap.o(i.pin_function) refers to assert.o(i.mbed_assert_internal) for mbed_assert_internal
    pinmap.o(i.pin_function) refers to pinmap.o(i.Set_GPIO_Clock) for Set_GPIO_Clock
    pinmap.o(i.pin_function) refers to stm32f4xx_hal_gpio.o(i.HAL_GPIO_Init) for HAL_GPIO_Init
    pinmap.o(i.pin_function) refers to pinmap.o(.conststring) for .conststring
    pinmap.o(i.pin_function) refers to pinmap.o(.constdata) for .constdata
    pinmap.o(i.pin_mode) refers to assert.o(i.mbed_assert_internal) for mbed_assert_internal
    pinmap.o(i.pin_mode) refers to pinmap.o(i.Set_GPIO_Clock) for Set_GPIO_Clock
    pinmap.o(i.pin_mode) refers to pinmap.o(.conststring) for .conststring
    us_ticker.o(i.us_ticker_clear_interrupt) refers to us_ticker.o(.bss) for .bss
    us_ticker.o(i.us_ticker_disable_interrupt) refers to us_ticker.o(.bss) for .bss
    us_ticker.o(i.us_ticker_init) refers to hal_tick.o(i.HAL_InitTick) for HAL_InitTick
    us_ticker.o(i.us_ticker_init) refers to us_ticker.o(.data) for .data
    us_ticker.o(i.us_ticker_init) refers to us_ticker.o(.bss) for .bss
    us_ticker.o(i.us_ticker_read) refers to hal_tick.o(i.HAL_InitTick) for HAL_InitTick
    us_ticker.o(i.us_ticker_read) refers to us_ticker.o(.data) for .data
    us_ticker.o(i.us_ticker_read) refers to us_ticker.o(.bss) for .bss
    us_ticker.o(i.us_ticker_set_interrupt) refers to us_ticker.o(.bss) for .bss
    FileBase.o(i._ZN4mbed8FileBase3getEi) refers to FileBase.o(.data) for .data
    FileBase.o(i._ZN4mbed8FileBase6lookupEPKcj) refers to strncmp.o(.text) for strncmp
    FileBase.o(i._ZN4mbed8FileBase6lookupEPKcj) refers to strlen.o(.text) for strlen
    FileBase.o(i._ZN4mbed8FileBase6lookupEPKcj) refers to FileBase.o(.data) for .data
    FileBase.o(i._ZN4mbed8FileBaseC1EPKcNS_8PathTypeE) refers to FileBase.o(.constdata__ZTVN4mbed8FileBaseE) for vtable for mbed::FileBase
    FileBase.o(i._ZN4mbed8FileBaseC1EPKcNS_8PathTypeE) refers to FileBase.o(.data) for .data
    FileBase.o(i._ZN4mbed8FileBaseD0Ev) refers to delete.o(i._ZdlPv) for operator delete (void*)
    FileBase.o(i._ZN4mbed8FileBaseD0Ev) refers to FileBase.o(.constdata__ZTVN4mbed8FileBaseE) for vtable for mbed::FileBase
    FileBase.o(i._ZN4mbed8FileBaseD0Ev) refers to FileBase.o(.data) for .data
    FileBase.o(i._ZN4mbed8FileBaseD1Ev) refers to FileBase.o(.constdata__ZTVN4mbed8FileBaseE) for vtable for mbed::FileBase
    FileBase.o(i._ZN4mbed8FileBaseD1Ev) refers to FileBase.o(.data) for .data
    FileBase.o(.ARM.exidx) refers to FileBase.o(i._ZN4mbed8FileBaseC1EPKcNS_8PathTypeE) for i._ZN4mbed8FileBaseC1EPKcNS_8PathTypeE
    FileBase.o(.ARM.exidx) refers to FileBase.o(i._ZN4mbed8FileBaseD1Ev) for i._ZN4mbed8FileBaseD1Ev
    FileBase.o(.ARM.exidx) refers to FileBase.o(i._ZN4mbed8FileBaseD0Ev) for i._ZN4mbed8FileBaseD0Ev
    FileBase.o(.ARM.exidx) refers to FileBase.o(i._ZN4mbed8FileBase7getNameEv) for i._ZN4mbed8FileBase7getNameEv
    FileBase.o(.ARM.exidx) refers to FileBase.o(i._ZN4mbed8FileBase11getPathTypeEv) for i._ZN4mbed8FileBase11getPathTypeEv
    FileBase.o(.ARM.exidx) refers to FileBase.o(i._ZN4mbed8FileBase6lookupEPKcj) for i._ZN4mbed8FileBase6lookupEPKcj
    FileBase.o(.ARM.exidx) refers to FileBase.o(i._ZN4mbed8FileBase3getEi) for i._ZN4mbed8FileBase3getEi
    FileLike.o(i._ZN4mbed8FileLikeC2EPKc) refers to FileBase.o(i._ZN4mbed8FileBaseC1EPKcNS_8PathTypeE) for mbed::FileBase::FileBase(const char*, mbed::PathType)
    FileLike.o(i._ZN4mbed8FileLikeC2EPKc) refers to retarget.o(.constdata__ZTVN4mbed10FileHandleE) for vtable for mbed::FileHandle
    FileLike.o(i._ZN4mbed8FileLikeC2EPKc) refers to FileLike.o(.constdata__ZTVN4mbed8FileLikeE) for vtable for mbed::FileLike
    FileLike.o(i._ZN4mbed8FileLikeD0Ev) refers to FileBase.o(i._ZN4mbed8FileBaseD1Ev) for mbed::FileBase::~FileBase()
    FileLike.o(i._ZN4mbed8FileLikeD0Ev) refers to retarget.o(i._ZN4mbed10FileHandleD2Ev) for mbed::FileHandle::~FileHandle__sub_object()
    FileLike.o(i._ZN4mbed8FileLikeD0Ev) refers to delete.o(i._ZdlPv) for operator delete (void*)
    FileLike.o(i._ZN4mbed8FileLikeD2Ev) refers to FileBase.o(i._ZN4mbed8FileBaseD1Ev) for mbed::FileBase::~FileBase()
    FileLike.o(i._ZN4mbed8FileLikeD2Ev) refers to retarget.o(i._ZN4mbed10FileHandleD2Ev) for mbed::FileHandle::~FileHandle__sub_object()
    FileLike.o(i._ZThn4_N4mbed8FileLikeD0Ev) refers to FileBase.o(i._ZN4mbed8FileBaseD1Ev) for mbed::FileBase::~FileBase()
    FileLike.o(i._ZThn4_N4mbed8FileLikeD0Ev) refers to retarget.o(i._ZN4mbed10FileHandleD2Ev) for mbed::FileHandle::~FileHandle__sub_object()
    FileLike.o(i._ZThn4_N4mbed8FileLikeD0Ev) refers to delete.o(i._ZdlPv) for operator delete (void*)
    FileLike.o(i._ZThn4_N4mbed8FileLikeD1Ev) refers to FileBase.o(i._ZN4mbed8FileBaseD1Ev) for mbed::FileBase::~FileBase()
    FileLike.o(i._ZThn4_N4mbed8FileLikeD1Ev) refers to retarget.o(i._ZN4mbed10FileHandleD2Ev) for mbed::FileHandle::~FileHandle__sub_object()
    FileLike.o(.ARM.exidx) refers to FileLike.o(i._ZN4mbed8FileLikeC2EPKc) for i._ZN4mbed8FileLikeC2EPKc
    FileLike.o(.ARM.exidx) refers to FileLike.o(i._ZN4mbed8FileLikeD2Ev) for i._ZN4mbed8FileLikeD2Ev
    FileLike.o(.ARM.exidx) refers to FileLike.o(i._ZN4mbed8FileLikeD0Ev) for i._ZN4mbed8FileLikeD0Ev
    FileLike.o(.ARM.exidx) refers to FileLike.o(i._ZThn4_N4mbed8FileLikeD0Ev) for i._ZThn4_N4mbed8FileLikeD0Ev
    FileLike.o(.ARM.exidx) refers to FileLike.o(i._ZThn4_N4mbed8FileLikeD1Ev) for i._ZThn4_N4mbed8FileLikeD1Ev
    SerialBase.o(i._ZN4mbed10SerialBase10_base_getcEv) refers to serial_api.o(i.serial_getc) for serial_getc
    SerialBase.o(i._ZN4mbed10SerialBase10_base_putcEi) refers to serial_api.o(i.serial_putc) for serial_putc
    SerialBase.o(i._ZN4mbed10SerialBase10send_breakEv) refers to serial_api.o(i.serial_break_set) for serial_break_set
    SerialBase.o(i._ZN4mbed10SerialBase10send_breakEv) refers to wait_api.o(i.wait_us) for wait_us
    SerialBase.o(i._ZN4mbed10SerialBase10send_breakEv) refers to serial_api.o(i.serial_break_clear) for serial_break_clear
    SerialBase.o(i._ZN4mbed10SerialBase4baudEi) refers to serial_api.o(i.serial_baud) for serial_baud
    SerialBase.o(i._ZN4mbed10SerialBase6attachEPFvvENS0_7IrqTypeE) refers to serial_api.o(i.serial_irq_set) for serial_irq_set
    SerialBase.o(i._ZN4mbed10SerialBase6formatEiNS0_6ParityEi) refers to serial_api.o(i.serial_format) for serial_format
    SerialBase.o(i._ZN4mbed10SerialBase8readableEv) refers to serial_api.o(i.serial_readable) for serial_readable
    SerialBase.o(i._ZN4mbed10SerialBase9writeableEv) refers to serial_api.o(i.serial_writable) for serial_writable
    SerialBase.o(i._ZN4mbed10SerialBaseC1E7PinNameS1_) refers to aeabi_vec_ctor_nocookie_nodtor.o(i.__aeabi_vec_ctor_nocookie_nodtor) for __aeabi_vec_ctor_nocookie_nodtor
    SerialBase.o(i._ZN4mbed10SerialBaseC1E7PinNameS1_) refers to serial_api.o(i.serial_init) for serial_init
    SerialBase.o(i._ZN4mbed10SerialBaseC1E7PinNameS1_) refers to serial_api.o(i.serial_irq_handler) for serial_irq_handler
    SerialBase.o(i._ZN4mbed10SerialBaseC1E7PinNameS1_) refers to SerialBase.o(.constdata__ZTVN4mbed10SerialBaseE) for vtable for mbed::SerialBase
    SerialBase.o(i._ZN4mbed10SerialBaseC1E7PinNameS1_) refers to SerialBase.o(i.<Func1>) for <Func1>
    SerialBase.o(i._ZN4mbed10SerialBaseC1E7PinNameS1_) refers to SerialBase.o(i._ZN4mbed10SerialBase12_irq_handlerEj9SerialIrq) for mbed::SerialBase::_irq_handler(unsigned, SerialIrq)
    SerialBase.o(.ARM.exidx) refers to SerialBase.o(i.<Func1>) for i.<Func1>
    SerialBase.o(.ARM.exidx) refers to SerialBase.o(i._ZN4mbed10SerialBase4baudEi) for i._ZN4mbed10SerialBase4baudEi
    SerialBase.o(.ARM.exidx) refers to SerialBase.o(i._ZN4mbed10SerialBase6formatEiNS0_6ParityEi) for i._ZN4mbed10SerialBase6formatEiNS0_6ParityEi
    SerialBase.o(.ARM.exidx) refers to SerialBase.o(i._ZN4mbed10SerialBase8readableEv) for i._ZN4mbed10SerialBase8readableEv
    SerialBase.o(.ARM.exidx) refers to SerialBase.o(i._ZN4mbed10SerialBase9writeableEv) for i._ZN4mbed10SerialBase9writeableEv
    SerialBase.o(.ARM.exidx) refers to SerialBase.o(i._ZN4mbed10SerialBase6attachEPFvvENS0_7IrqTypeE) for i._ZN4mbed10SerialBase6attachEPFvvENS0_7IrqTypeE
    SerialBase.o(.ARM.exidx) refers to SerialBase.o(i._ZN4mbed10SerialBase10send_breakEv) for i._ZN4mbed10SerialBase10send_breakEv
    SerialBase.o(.ARM.exidx) refers to SerialBase.o(i._ZN4mbed10SerialBase12_irq_handlerEj9SerialIrq) for i._ZN4mbed10SerialBase12_irq_handlerEj9SerialIrq
    SerialBase.o(.ARM.exidx) refers to SerialBase.o(i._ZN4mbed10SerialBaseC1E7PinNameS1_) for i._ZN4mbed10SerialBaseC1E7PinNameS1_
    SerialBase.o(.ARM.exidx) refers to SerialBase.o(i._ZN4mbed10SerialBase10_base_getcEv) for i._ZN4mbed10SerialBase10_base_getcEv
    SerialBase.o(.ARM.exidx) refers to SerialBase.o(i._ZN4mbed10SerialBase10_base_putcEi) for i._ZN4mbed10SerialBase10_base_putcEi
    error.o(i.error) refers to printfa.o(i.__0vfprintf) for vfprintf
    error.o(i.error) refers to retarget.o(i.exit) for exit
    error.o(i.error) refers to stderr_f.o(.bss) for __stderr
    pinmap_common.o(i.pinmap_function) refers to error.o(i.error) for error
    pinmap_common.o(i.pinmap_merge) refers to error.o(i.error) for error
    pinmap_common.o(i.pinmap_peripheral) refers to error.o(i.error) for error
    pinmap_common.o(i.pinmap_pinout) refers to pinmap.o(i.pin_function) for pin_function
    pinmap_common.o(i.pinmap_pinout) refers to pinmap.o(i.pin_mode) for pin_mode
    pinmap_common.o(i.pinmap_pinout) refers to error.o(i.error) for error
    delete.o(i._ZdlPv) refers to malloc.o(i.free) for free
    delete.o(.ARM.exidx) refers to delete.o(i._ZdlPv) for i._ZdlPv
    new.o(i._Znwj) refers to cpp_memory.o(.text) for __rt_new_handler_addr
    new.o(i._Znwj) refers to malloc.o(i.malloc) for malloc
    new.o(i._Znwj) refers to arm_newhandler_noexceptions.o(.text) for __default_new_handler()
    new.o(.ARM.exidx) refers to new.o(i._Znwj) for i._Znwj
    new.o(.ARM.exidx) refers to unwind_pr0.o(.text) for __aeabi_unwind_cpp_pr0
    new.o(.ARM.exidx) refers to new.o(.ARM.extab) for .extab._Znwj
    new.o(.ARM.extab) refers to arm_callunex_noexceptions.o(.text) for __cxa_call_unexpected
    new.o(.ARM.extab) refers to bad_alloc_dtor.o(.constdata__ZTISt9bad_alloc) for typeinfo for std::bad_alloc
    pure_virt.o(i.__cxa_pure_virtual) refers to cpp_signal.o(.text) for __rt_SIGPVFN
    pure_virt.o(.ARM.exidx) refers to pure_virt.o(i.__cxa_pure_virtual) for i.__cxa_pure_virtual
    lib_rtti_impl.o(i._ZN10__cxxabiv116__enum_type_infoD0Ev) refers to lib_rtti_impl.o(i._ZN10__cxxabiv116__enum_type_infoD1Ev) for __cxxabiv1::__enum_type_info::~__enum_type_info()
    lib_rtti_impl.o(i._ZN10__cxxabiv117__array_type_infoD0Ev) refers to lib_rtti_impl.o(i._ZN10__cxxabiv117__array_type_infoD1Ev) for __cxxabiv1::__array_type_info::~__array_type_info()
    lib_rtti_impl.o(i._ZN10__cxxabiv117__class_type_infoD0Ev) refers to lib_rtti_impl.o(i._ZN10__cxxabiv117__class_type_infoD1Ev) for __cxxabiv1::__class_type_info::~__class_type_info()
    lib_rtti_impl.o(i._ZN10__cxxabiv117__pbase_type_infoD0Ev) refers to lib_rtti_impl.o(i._ZN10__cxxabiv117__pbase_type_infoD1Ev) for __cxxabiv1::__pbase_type_info::~__pbase_type_info()
    lib_rtti_impl.o(i._ZN10__cxxabiv119__pointer_type_infoD0Ev) refers to lib_rtti_impl.o(i._ZN10__cxxabiv119__pointer_type_infoD1Ev) for __cxxabiv1::__pointer_type_info::~__pointer_type_info()
    lib_rtti_impl.o(i._ZN10__cxxabiv119__pointer_type_infoD1Ev) refers to lib_rtti_impl.o(i._ZN10__cxxabiv117__pbase_type_infoD1Ev) for __cxxabiv1::__pbase_type_info::~__pbase_type_info()
    lib_rtti_impl.o(i._ZN10__cxxabiv120__function_type_infoD0Ev) refers to lib_rtti_impl.o(i._ZN10__cxxabiv120__function_type_infoD1Ev) for __cxxabiv1::__function_type_info::~__function_type_info()
    lib_rtti_impl.o(i._ZN10__cxxabiv120__si_class_type_infoD0Ev) refers to lib_rtti_impl.o(i._ZN10__cxxabiv120__si_class_type_infoD1Ev) for __cxxabiv1::__si_class_type_info::~__si_class_type_info()
    lib_rtti_impl.o(i._ZN10__cxxabiv120__si_class_type_infoD1Ev) refers to lib_rtti_impl.o(i._ZN10__cxxabiv117__class_type_infoD1Ev) for __cxxabiv1::__class_type_info::~__class_type_info()
    lib_rtti_impl.o(i._ZN10__cxxabiv121__vmi_class_type_infoD0Ev) refers to lib_rtti_impl.o(i._ZN10__cxxabiv121__vmi_class_type_infoD1Ev) for __cxxabiv1::__vmi_class_type_info::~__vmi_class_type_info()
    lib_rtti_impl.o(i._ZN10__cxxabiv121__vmi_class_type_infoD1Ev) refers to lib_rtti_impl.o(i._ZN10__cxxabiv117__class_type_infoD1Ev) for __cxxabiv1::__class_type_info::~__class_type_info()
    lib_rtti_impl.o(i._ZN10__cxxabiv123__fundamental_type_infoD0Ev) refers to lib_rtti_impl.o(i._ZN10__cxxabiv123__fundamental_type_infoD1Ev) for __cxxabiv1::__fundamental_type_info::~__fundamental_type_info()
    lib_rtti_impl.o(i._ZN10__cxxabiv129__pointer_to_member_type_infoD0Ev) refers to lib_rtti_impl.o(i._ZN10__cxxabiv129__pointer_to_member_type_infoD1Ev) for __cxxabiv1::__pointer_to_member_type_info::~__pointer_to_member_type_info()
    lib_rtti_impl.o(i._ZN10__cxxabiv129__pointer_to_member_type_infoD1Ev) refers to lib_rtti_impl.o(i._ZN10__cxxabiv117__pbase_type_infoD1Ev) for __cxxabiv1::__pbase_type_info::~__pbase_type_info()
    lib_rtti_impl.o(.ARM.exidx) refers to lib_rtti_impl.o(i._ZN10__cxxabiv123__fundamental_type_infoD1Ev) for i._ZN10__cxxabiv123__fundamental_type_infoD1Ev
    lib_rtti_impl.o(.ARM.exidx) refers to lib_rtti_impl.o(i._ZN10__cxxabiv123__fundamental_type_infoD0Ev) for i._ZN10__cxxabiv123__fundamental_type_infoD0Ev
    lib_rtti_impl.o(.ARM.exidx) refers to lib_rtti_impl.o(i._ZN10__cxxabiv117__array_type_infoD1Ev) for i._ZN10__cxxabiv117__array_type_infoD1Ev
    lib_rtti_impl.o(.ARM.exidx) refers to lib_rtti_impl.o(i._ZN10__cxxabiv117__array_type_infoD0Ev) for i._ZN10__cxxabiv117__array_type_infoD0Ev
    lib_rtti_impl.o(.ARM.exidx) refers to lib_rtti_impl.o(i._ZN10__cxxabiv120__function_type_infoD1Ev) for i._ZN10__cxxabiv120__function_type_infoD1Ev
    lib_rtti_impl.o(.ARM.exidx) refers to lib_rtti_impl.o(i._ZN10__cxxabiv120__function_type_infoD0Ev) for i._ZN10__cxxabiv120__function_type_infoD0Ev
    lib_rtti_impl.o(.ARM.exidx) refers to lib_rtti_impl.o(i._ZN10__cxxabiv116__enum_type_infoD1Ev) for i._ZN10__cxxabiv116__enum_type_infoD1Ev
    lib_rtti_impl.o(.ARM.exidx) refers to lib_rtti_impl.o(i._ZN10__cxxabiv116__enum_type_infoD0Ev) for i._ZN10__cxxabiv116__enum_type_infoD0Ev
    lib_rtti_impl.o(.ARM.exidx) refers to lib_rtti_impl.o(i._ZN10__cxxabiv117__class_type_infoD1Ev) for i._ZN10__cxxabiv117__class_type_infoD1Ev
    lib_rtti_impl.o(.ARM.exidx) refers to lib_rtti_impl.o(i._ZN10__cxxabiv117__class_type_infoD0Ev) for i._ZN10__cxxabiv117__class_type_infoD0Ev
    lib_rtti_impl.o(.ARM.exidx) refers to lib_rtti_impl.o(i._ZN10__cxxabiv120__si_class_type_infoD1Ev) for i._ZN10__cxxabiv120__si_class_type_infoD1Ev
    lib_rtti_impl.o(.ARM.exidx) refers to lib_rtti_impl.o(i._ZN10__cxxabiv120__si_class_type_infoD0Ev) for i._ZN10__cxxabiv120__si_class_type_infoD0Ev
    lib_rtti_impl.o(.ARM.exidx) refers to lib_rtti_impl.o(i._ZN10__cxxabiv121__vmi_class_type_infoD1Ev) for i._ZN10__cxxabiv121__vmi_class_type_infoD1Ev
    lib_rtti_impl.o(.ARM.exidx) refers to lib_rtti_impl.o(i._ZN10__cxxabiv121__vmi_class_type_infoD0Ev) for i._ZN10__cxxabiv121__vmi_class_type_infoD0Ev
    lib_rtti_impl.o(.ARM.exidx) refers to lib_rtti_impl.o(i._ZN10__cxxabiv117__pbase_type_infoD1Ev) for i._ZN10__cxxabiv117__pbase_type_infoD1Ev
    lib_rtti_impl.o(.ARM.exidx) refers to lib_rtti_impl.o(i._ZN10__cxxabiv117__pbase_type_infoD0Ev) for i._ZN10__cxxabiv117__pbase_type_infoD0Ev
    lib_rtti_impl.o(.ARM.exidx) refers to lib_rtti_impl.o(i._ZN10__cxxabiv119__pointer_type_infoD1Ev) for i._ZN10__cxxabiv119__pointer_type_infoD1Ev
    lib_rtti_impl.o(.ARM.exidx) refers to lib_rtti_impl.o(i._ZN10__cxxabiv119__pointer_type_infoD0Ev) for i._ZN10__cxxabiv119__pointer_type_infoD0Ev
    lib_rtti_impl.o(.ARM.exidx) refers to lib_rtti_impl.o(i._ZN10__cxxabiv129__pointer_to_member_type_infoD1Ev) for i._ZN10__cxxabiv129__pointer_to_member_type_infoD1Ev
    lib_rtti_impl.o(.ARM.exidx) refers to lib_rtti_impl.o(i._ZN10__cxxabiv129__pointer_to_member_type_infoD0Ev) for i._ZN10__cxxabiv129__pointer_to_member_type_infoD0Ev
    aeabi_vec_ctor_nocookie_nodtor.o(.ARM.exidx) refers to aeabi_vec_ctor_nocookie_nodtor.o(i.__aeabi_vec_ctor_nocookie_nodtor) for i.__aeabi_vec_ctor_nocookie_nodtor
    aeabi_vec_ctor_nocookie_nodtor.o(.ARM.exidx) refers to unwind_pr0.o(.text) for __aeabi_unwind_cpp_pr0
    entry.o(.ARM.Collect$$$$00000000) refers (Special) to entry10a.o(.ARM.Collect$$$$0000000D) for __rt_final_cpp
    entry.o(.ARM.Collect$$$$00000000) refers (Special) to entry11a.o(.ARM.Collect$$$$0000000F) for __rt_final_exit
    entry.o(.ARM.Collect$$$$00000000) refers (Special) to entry7b.o(.ARM.Collect$$$$00000008) for _main_clock
    entry.o(.ARM.Collect$$$$00000000) refers (Special) to entry8b.o(.ARM.Collect$$$$0000000A) for _main_cpp_init
    entry.o(.ARM.Collect$$$$00000000) refers (Special) to entry9a.o(.ARM.Collect$$$$0000000B) for _main_init
    entry.o(.ARM.Collect$$$$00000000) refers (Special) to entry5.o(.ARM.Collect$$$$00000004) for _main_scatterload
    entry.o(.ARM.Collect$$$$00000000) refers (Special) to entry2.o(.ARM.Collect$$$$00000001) for _main_stk
    entry6b.o(.ARM.Collect$$$$00000006) refers (Weak) to initio_oe.o(.text) for _initio
    fgetc.o(.text) refers (Special) to iusesemig.o(.text) for __I$use$semihosting$fgetc
    fgetc.o(.text) refers (Special) to semi.o(.text) for __semihosting_library_function
    fgetc_u.o(.text) refers (Special) to iusesemig.o(.text) for __I$use$semihosting$fgetc
    fgetc_u.o(.text) refers (Special) to semi.o(.text) for __semihosting_library_function
    fgetc_u.o(.text) refers to fgetc_u.o(.data) for .data
    fgetc_u.o(.data) refers (Special) to iusesemig.o(.text) for __I$use$semihosting$fgetc
    fgetc_u.o(.data) refers (Special) to semi.o(.text) for __semihosting_library_function
    fgetc_b.o(.text) refers (Special) to iusesemig.o(.text) for __I$use$semihosting$fgetc
    fgetc_b.o(.text) refers (Special) to semi.o(.text) for __semihosting_library_function
    fgetc_b.o(.text) refers to fgetc_b.o(.data) for .data
    fgetc_b.o(.data) refers (Special) to iusesemig.o(.text) for __I$use$semihosting$fgetc
    fgetc_b.o(.data) refers (Special) to semi.o(.text) for __semihosting_library_function
    fgetc_ub.o(.text) refers (Special) to iusesemig.o(.text) for __I$use$semihosting$fgetc
    fgetc_ub.o(.text) refers (Special) to semi.o(.text) for __semihosting_library_function
    fgetc_ub.o(.text) refers to fgetc_ub.o(.data) for .data
    fgetc_ub.o(.data) refers (Special) to iusesemig.o(.text) for __I$use$semihosting$fgetc
    fgetc_ub.o(.data) refers (Special) to semi.o(.text) for __semihosting_library_function
    fgetc_f.o(.text) refers to retarget.o(i._sys_read) for _sys_read
    fgetc_uf.o(.text) refers to retarget.o(i._sys_read) for _sys_read
    fgetc_bf.o(.text) refers to retarget.o(i._sys_read) for _sys_read
    fgetc_ubf.o(.text) refers to retarget.o(i._sys_read) for _sys_read
    fgetc_pf.o(.text) refers to retarget.o(i._sys_read) for _sys_read
    fgetc_upf.o(.text) refers to retarget.o(i._sys_read) for _sys_read
    fgetc_bpf.o(.text) refers to retarget.o(i._sys_read) for _sys_read
    fgetc_ubpf.o(.text) refers to retarget.o(i._sys_read) for _sys_read
    fputs.o(i.fputs) refers to fputc_fp.o(.text) for fputc
    fgets.o(i.fgets) refers to fgetc_bpf.o(.text) for fgetc
    fputc.o(i.fputc) refers (Special) to iusesemip.o(.text) for __I$use$semihosting$fputc
    fputc.o(i.fputc) refers (Special) to semi.o(.text) for __semihosting_library_function
    fopen_f.o(i._fopen$full) refers to malloc.o(i.malloc) for malloc
    fopen_f.o(i._fopen$full) refers to memseta.o(.text) for __aeabi_memclr4
    fopen_f.o(i._fopen$full) refers to fopen_f.o(i._freopen$full) for freopen
    fopen_f.o(i._freopen$full) refers to retarget.o(i._sys_close) for _sys_close
    fopen_f.o(i._freopen$full) refers to retarget.o(i._sys_open) for _sys_open
    fclose_f.o(i._fclose$full) refers to retarget.o(i._sys_close) for _sys_close
    fflush_f.o(i._fflush$full) refers to retarget.o(i._sys_seek) for _sys_seek
    initio_oe.o(.text) refers to retarget.o(i._sys_open) for _sys_open
    initio_oe.o(.text) refers to entry6b.o(.ARM.Collect$$$$00000006) for __main_after_initio
    initio_oe.o(.text) refers to stderr_f.o(.bss) for __stderr
    initio_oe.o(.text) refers to stdout_f.o(.bss) for __stdout
    fputs_e.o(.text) refers to fputc_fp.o(.text) for fputc
    fputc_f.o(.text) refers to retarget.o(i._sys_write) for _sys_write
    fputc_fp.o(.text) refers to retarget.o(i._sys_write) for _sys_write
    fclose_ft.o(.text) refers to sys_tmpnam.o(.text) for _sys_tmpnam
    fclose_ft.o(.text) refers to retarget.o(i.remove) for remove
    fclose_ft.o(.text) refers to retarget.o(i._sys_close) for _sys_close
    stdout_f.o(.bss) refers (Special) to initio_oe.o(.text) for _initio
    stderr_f.o(.bss) refers (Special) to initio_oe.o(.text) for _initio
    printfb.o(i.__0fprintf$bare) refers to printfb.o(i._printf_core) for _printf_core
    printfb.o(i.__0fprintf$bare) refers to fputc_fp.o(.text) for fputc
    printfb.o(i.__0printf$bare) refers to printfb.o(i._printf_core) for _printf_core
    printfb.o(i.__0printf$bare) refers to fputc_fp.o(.text) for fputc
    printfb.o(i.__0printf$bare) refers to stdout_f.o(.bss) for __stdout
    printfb.o(i.__0snprintf$bare) refers to printfb.o(i._printf_core) for _printf_core
    printfb.o(i.__0snprintf$bare) refers to printfb.o(i._snputc) for _snputc
    printfb.o(i.__0sprintf$bare) refers to printfb.o(i._printf_core) for _printf_core
    printfb.o(i.__0sprintf$bare) refers to printfb.o(i._sputc) for _sputc
    printfb.o(i.__0vfprintf$bare) refers to printfb.o(i._printf_core) for _printf_core
    printfb.o(i.__0vfprintf$bare) refers to fputc_fp.o(.text) for fputc
    printfb.o(i.__0vprintf$bare) refers to printfb.o(i._printf_core) for _printf_core
    printfb.o(i.__0vprintf$bare) refers to fputc_fp.o(.text) for fputc
    printfb.o(i.__0vprintf$bare) refers to stdout_f.o(.bss) for __stdout
    printfb.o(i.__0vsnprintf$bare) refers to printfb.o(i._printf_core) for _printf_core
    printfb.o(i.__0vsnprintf$bare) refers to printfb.o(i._snputc) for _snputc
    printfb.o(i.__0vsprintf$bare) refers to printfb.o(i._printf_core) for _printf_core
    printfb.o(i.__0vsprintf$bare) refers to printfb.o(i._sputc) for _sputc
    printf0.o(i.__0fprintf$0) refers to printf0.o(i._printf_core) for _printf_core
    printf0.o(i.__0fprintf$0) refers to fputc_fp.o(.text) for fputc
    printf0.o(i.__0printf$0) refers to printf0.o(i._printf_core) for _printf_core
    printf0.o(i.__0printf$0) refers to fputc_fp.o(.text) for fputc
    printf0.o(i.__0printf$0) refers to stdout_f.o(.bss) for __stdout
    printf0.o(i.__0snprintf$0) refers to printf0.o(i._printf_core) for _printf_core
    printf0.o(i.__0snprintf$0) refers to printf0.o(i._snputc) for _snputc
    printf0.o(i.__0sprintf$0) refers to printf0.o(i._printf_core) for _printf_core
    printf0.o(i.__0sprintf$0) refers to printf0.o(i._sputc) for _sputc
    printf0.o(i.__0vfprintf$0) refers to printf0.o(i._printf_core) for _printf_core
    printf0.o(i.__0vfprintf$0) refers to fputc_fp.o(.text) for fputc
    printf0.o(i.__0vprintf$0) refers to printf0.o(i._printf_core) for _printf_core
    printf0.o(i.__0vprintf$0) refers to fputc_fp.o(.text) for fputc
    printf0.o(i.__0vprintf$0) refers to stdout_f.o(.bss) for __stdout
    printf0.o(i.__0vsnprintf$0) refers to printf0.o(i._printf_core) for _printf_core
    printf0.o(i.__0vsnprintf$0) refers to printf0.o(i._snputc) for _snputc
    printf0.o(i.__0vsprintf$0) refers to printf0.o(i._printf_core) for _printf_core
    printf0.o(i.__0vsprintf$0) refers to printf0.o(i._sputc) for _sputc
    printf1.o(i.__0fprintf$1) refers to printf1.o(i._printf_core) for _printf_core
    printf1.o(i.__0fprintf$1) refers to fputc_fp.o(.text) for fputc
    printf1.o(i.__0printf$1) refers to printf1.o(i._printf_core) for _printf_core
    printf1.o(i.__0printf$1) refers to fputc_fp.o(.text) for fputc
    printf1.o(i.__0printf$1) refers to stdout_f.o(.bss) for __stdout
    printf1.o(i.__0snprintf$1) refers to printf1.o(i._printf_core) for _printf_core
    printf1.o(i.__0snprintf$1) refers to printf1.o(i._snputc) for _snputc
    printf1.o(i.__0sprintf$1) refers to printf1.o(i._printf_core) for _printf_core
    printf1.o(i.__0sprintf$1) refers to printf1.o(i._sputc) for _sputc
    printf1.o(i.__0vfprintf$1) refers to printf1.o(i._printf_core) for _printf_core
    printf1.o(i.__0vfprintf$1) refers to fputc_fp.o(.text) for fputc
    printf1.o(i.__0vprintf$1) refers to printf1.o(i._printf_core) for _printf_core
    printf1.o(i.__0vprintf$1) refers to fputc_fp.o(.text) for fputc
    printf1.o(i.__0vprintf$1) refers to stdout_f.o(.bss) for __stdout
    printf1.o(i.__0vsnprintf$1) refers to printf1.o(i._printf_core) for _printf_core
    printf1.o(i.__0vsnprintf$1) refers to printf1.o(i._snputc) for _snputc
    printf1.o(i.__0vsprintf$1) refers to printf1.o(i._printf_core) for _printf_core
    printf1.o(i.__0vsprintf$1) refers to printf1.o(i._sputc) for _sputc
    printf1.o(i._printf_core) refers to uidiv.o(.text) for __aeabi_uidivmod
    printf2.o(i.__0fprintf$2) refers to printf2.o(i._printf_core) for _printf_core
    printf2.o(i.__0fprintf$2) refers to fputc_fp.o(.text) for fputc
    printf2.o(i.__0printf$2) refers to printf2.o(i._printf_core) for _printf_core
    printf2.o(i.__0printf$2) refers to fputc_fp.o(.text) for fputc
    printf2.o(i.__0printf$2) refers to stdout_f.o(.bss) for __stdout
    printf2.o(i.__0snprintf$2) refers to printf2.o(i._printf_core) for _printf_core
    printf2.o(i.__0snprintf$2) refers to printf2.o(i._snputc) for _snputc
    printf2.o(i.__0sprintf$2) refers to printf2.o(i._printf_core) for _printf_core
    printf2.o(i.__0sprintf$2) refers to printf2.o(i._sputc) for _sputc
    printf2.o(i.__0vfprintf$2) refers to printf2.o(i._printf_core) for _printf_core
    printf2.o(i.__0vfprintf$2) refers to fputc_fp.o(.text) for fputc
    printf2.o(i.__0vprintf$2) refers to printf2.o(i._printf_core) for _printf_core
    printf2.o(i.__0vprintf$2) refers to fputc_fp.o(.text) for fputc
    printf2.o(i.__0vprintf$2) refers to stdout_f.o(.bss) for __stdout
    printf2.o(i.__0vsnprintf$2) refers to printf2.o(i._printf_core) for _printf_core
    printf2.o(i.__0vsnprintf$2) refers to printf2.o(i._snputc) for _snputc
    printf2.o(i.__0vsprintf$2) refers to printf2.o(i._printf_core) for _printf_core
    printf2.o(i.__0vsprintf$2) refers to printf2.o(i._sputc) for _sputc
    printf3.o(i.__0fprintf$3) refers to printf3.o(i._printf_core) for _printf_core
    printf3.o(i.__0fprintf$3) refers to fputc_fp.o(.text) for fputc
    printf3.o(i.__0printf$3) refers to printf3.o(i._printf_core) for _printf_core
    printf3.o(i.__0printf$3) refers to fputc_fp.o(.text) for fputc
    printf3.o(i.__0printf$3) refers to stdout_f.o(.bss) for __stdout
    printf3.o(i.__0snprintf$3) refers to printf3.o(i._printf_core) for _printf_core
    printf3.o(i.__0snprintf$3) refers to printf3.o(i._snputc) for _snputc
    printf3.o(i.__0sprintf$3) refers to printf3.o(i._printf_core) for _printf_core
    printf3.o(i.__0sprintf$3) refers to printf3.o(i._sputc) for _sputc
    printf3.o(i.__0vfprintf$3) refers to printf3.o(i._printf_core) for _printf_core
    printf3.o(i.__0vfprintf$3) refers to fputc_fp.o(.text) for fputc
    printf3.o(i.__0vprintf$3) refers to printf3.o(i._printf_core) for _printf_core
    printf3.o(i.__0vprintf$3) refers to fputc_fp.o(.text) for fputc
    printf3.o(i.__0vprintf$3) refers to stdout_f.o(.bss) for __stdout
    printf3.o(i.__0vsnprintf$3) refers to printf3.o(i._printf_core) for _printf_core
    printf3.o(i.__0vsnprintf$3) refers to printf3.o(i._snputc) for _snputc
    printf3.o(i.__0vsprintf$3) refers to printf3.o(i._printf_core) for _printf_core
    printf3.o(i.__0vsprintf$3) refers to printf3.o(i._sputc) for _sputc
    printf3.o(i._printf_core) refers to uidiv.o(.text) for __aeabi_uidivmod
    printf4.o(i.__0fprintf$4) refers to printf4.o(i._printf_core) for _printf_core
    printf4.o(i.__0fprintf$4) refers to fputc_fp.o(.text) for fputc
    printf4.o(i.__0printf$4) refers to printf4.o(i._printf_core) for _printf_core
    printf4.o(i.__0printf$4) refers to fputc_fp.o(.text) for fputc
    printf4.o(i.__0printf$4) refers to stdout_f.o(.bss) for __stdout
    printf4.o(i.__0snprintf$4) refers to printf4.o(i._printf_core) for _printf_core
    printf4.o(i.__0snprintf$4) refers to printf4.o(i._snputc) for _snputc
    printf4.o(i.__0sprintf$4) refers to printf4.o(i._printf_core) for _printf_core
    printf4.o(i.__0sprintf$4) refers to printf4.o(i._sputc) for _sputc
    printf4.o(i.__0vfprintf$4) refers to printf4.o(i._printf_core) for _printf_core
    printf4.o(i.__0vfprintf$4) refers to fputc_fp.o(.text) for fputc
    printf4.o(i.__0vprintf$4) refers to printf4.o(i._printf_core) for _printf_core
    printf4.o(i.__0vprintf$4) refers to fputc_fp.o(.text) for fputc
    printf4.o(i.__0vprintf$4) refers to stdout_f.o(.bss) for __stdout
    printf4.o(i.__0vsnprintf$4) refers to printf4.o(i._printf_core) for _printf_core
    printf4.o(i.__0vsnprintf$4) refers to printf4.o(i._snputc) for _snputc
    printf4.o(i.__0vsprintf$4) refers to printf4.o(i._printf_core) for _printf_core
    printf4.o(i.__0vsprintf$4) refers to printf4.o(i._sputc) for _sputc
    printf4.o(i._printf_core) refers to uldiv.o(.text) for __aeabi_uldivmod
    printf5.o(i.__0fprintf$5) refers to printf5.o(i._printf_core) for _printf_core
    printf5.o(i.__0fprintf$5) refers to fputc_fp.o(.text) for fputc
    printf5.o(i.__0printf$5) refers to printf5.o(i._printf_core) for _printf_core
    printf5.o(i.__0printf$5) refers to fputc_fp.o(.text) for fputc
    printf5.o(i.__0printf$5) refers to stdout_f.o(.bss) for __stdout
    printf5.o(i.__0snprintf$5) refers to printf5.o(i._printf_core) for _printf_core
    printf5.o(i.__0snprintf$5) refers to printf5.o(i._snputc) for _snputc
    printf5.o(i.__0sprintf$5) refers to printf5.o(i._printf_core) for _printf_core
    printf5.o(i.__0sprintf$5) refers to printf5.o(i._sputc) for _sputc
    printf5.o(i.__0vfprintf$5) refers to printf5.o(i._printf_core) for _printf_core
    printf5.o(i.__0vfprintf$5) refers to fputc_fp.o(.text) for fputc
    printf5.o(i.__0vprintf$5) refers to printf5.o(i._printf_core) for _printf_core
    printf5.o(i.__0vprintf$5) refers to fputc_fp.o(.text) for fputc
    printf5.o(i.__0vprintf$5) refers to stdout_f.o(.bss) for __stdout
    printf5.o(i.__0vsnprintf$5) refers to printf5.o(i._printf_core) for _printf_core
    printf5.o(i.__0vsnprintf$5) refers to printf5.o(i._snputc) for _snputc
    printf5.o(i.__0vsprintf$5) refers to printf5.o(i._printf_core) for _printf_core
    printf5.o(i.__0vsprintf$5) refers to printf5.o(i._sputc) for _sputc
    printf5.o(i._printf_core) refers to uldiv.o(.text) for __aeabi_uldivmod
    printf6.o(i.__0fprintf$6) refers to printf6.o(i._printf_core) for _printf_core
    printf6.o(i.__0fprintf$6) refers to fputc_fp.o(.text) for fputc
    printf6.o(i.__0printf$6) refers to printf6.o(i._printf_core) for _printf_core
    printf6.o(i.__0printf$6) refers to fputc_fp.o(.text) for fputc
    printf6.o(i.__0printf$6) refers to stdout_f.o(.bss) for __stdout
    printf6.o(i.__0snprintf$6) refers to printf6.o(i._printf_core) for _printf_core
    printf6.o(i.__0snprintf$6) refers to printf6.o(i._snputc) for _snputc
    printf6.o(i.__0sprintf$6) refers to printf6.o(i._printf_core) for _printf_core
    printf6.o(i.__0sprintf$6) refers to printf6.o(i._sputc) for _sputc
    printf6.o(i.__0vfprintf$6) refers to printf6.o(i._printf_core) for _printf_core
    printf6.o(i.__0vfprintf$6) refers to fputc_fp.o(.text) for fputc
    printf6.o(i.__0vprintf$6) refers to printf6.o(i._printf_core) for _printf_core
    printf6.o(i.__0vprintf$6) refers to fputc_fp.o(.text) for fputc
    printf6.o(i.__0vprintf$6) refers to stdout_f.o(.bss) for __stdout
    printf6.o(i.__0vsnprintf$6) refers to printf6.o(i._printf_core) for _printf_core
    printf6.o(i.__0vsnprintf$6) refers to printf6.o(i._snputc) for _snputc
    printf6.o(i.__0vsprintf$6) refers to printf6.o(i._printf_core) for _printf_core
    printf6.o(i.__0vsprintf$6) refers to printf6.o(i._sputc) for _sputc
    printf6.o(i._printf_core) refers to printf6.o(i._printf_pre_padding) for _printf_pre_padding
    printf6.o(i._printf_core) refers to uidiv.o(.text) for __aeabi_uidivmod
    printf6.o(i._printf_core) refers to printf6.o(i._printf_post_padding) for _printf_post_padding
    printf7.o(i.__0fprintf$7) refers to printf7.o(i._printf_core) for _printf_core
    printf7.o(i.__0fprintf$7) refers to fputc_fp.o(.text) for fputc
    printf7.o(i.__0printf$7) refers to printf7.o(i._printf_core) for _printf_core
    printf7.o(i.__0printf$7) refers to fputc_fp.o(.text) for fputc
    printf7.o(i.__0printf$7) refers to stdout_f.o(.bss) for __stdout
    printf7.o(i.__0snprintf$7) refers to printf7.o(i._printf_core) for _printf_core
    printf7.o(i.__0snprintf$7) refers to printf7.o(i._snputc) for _snputc
    printf7.o(i.__0sprintf$7) refers to printf7.o(i._printf_core) for _printf_core
    printf7.o(i.__0sprintf$7) refers to printf7.o(i._sputc) for _sputc
    printf7.o(i.__0vfprintf$7) refers to printf7.o(i._printf_core) for _printf_core
    printf7.o(i.__0vfprintf$7) refers to fputc_fp.o(.text) for fputc
    printf7.o(i.__0vprintf$7) refers to printf7.o(i._printf_core) for _printf_core
    printf7.o(i.__0vprintf$7) refers to fputc_fp.o(.text) for fputc
    printf7.o(i.__0vprintf$7) refers to stdout_f.o(.bss) for __stdout
    printf7.o(i.__0vsnprintf$7) refers to printf7.o(i._printf_core) for _printf_core
    printf7.o(i.__0vsnprintf$7) refers to printf7.o(i._snputc) for _snputc
    printf7.o(i.__0vsprintf$7) refers to printf7.o(i._printf_core) for _printf_core
    printf7.o(i.__0vsprintf$7) refers to printf7.o(i._sputc) for _sputc
    printf7.o(i._printf_core) refers to printf7.o(i._printf_pre_padding) for _printf_pre_padding
    printf7.o(i._printf_core) refers to uldiv.o(.text) for __aeabi_uldivmod
    printf7.o(i._printf_core) refers to printf7.o(i._printf_post_padding) for _printf_post_padding
    printf8.o(i.__0fprintf$8) refers to printf8.o(i._printf_core) for _printf_core
    printf8.o(i.__0fprintf$8) refers to fputc_fp.o(.text) for fputc
    printf8.o(i.__0printf$8) refers to printf8.o(i._printf_core) for _printf_core
    printf8.o(i.__0printf$8) refers to fputc_fp.o(.text) for fputc
    printf8.o(i.__0printf$8) refers to stdout_f.o(.bss) for __stdout
    printf8.o(i.__0snprintf$8) refers to printf8.o(i._printf_core) for _printf_core
    printf8.o(i.__0snprintf$8) refers to printf8.o(i._snputc) for _snputc
    printf8.o(i.__0sprintf$8) refers to printf8.o(i._printf_core) for _printf_core
    printf8.o(i.__0sprintf$8) refers to printf8.o(i._sputc) for _sputc
    printf8.o(i.__0vfprintf$8) refers to printf8.o(i._printf_core) for _printf_core
    printf8.o(i.__0vfprintf$8) refers to fputc_fp.o(.text) for fputc
    printf8.o(i.__0vprintf$8) refers to printf8.o(i._printf_core) for _printf_core
    printf8.o(i.__0vprintf$8) refers to fputc_fp.o(.text) for fputc
    printf8.o(i.__0vprintf$8) refers to stdout_f.o(.bss) for __stdout
    printf8.o(i.__0vsnprintf$8) refers to printf8.o(i._printf_core) for _printf_core
    printf8.o(i.__0vsnprintf$8) refers to printf8.o(i._snputc) for _snputc
    printf8.o(i.__0vsprintf$8) refers to printf8.o(i._printf_core) for _printf_core
    printf8.o(i.__0vsprintf$8) refers to printf8.o(i._sputc) for _sputc
    printf8.o(i._printf_core) refers to printf8.o(i._printf_pre_padding) for _printf_pre_padding
    printf8.o(i._printf_core) refers to uldiv.o(.text) for __aeabi_uldivmod
    printf8.o(i._printf_core) refers to printf8.o(i._printf_post_padding) for _printf_post_padding
    printfa.o(i.__0fprintf) refers (Special) to iusefp.o(.text) for __I$use$fp
    printfa.o(i.__0fprintf) refers to printfa.o(i._printf_core) for _printf_core
    printfa.o(i.__0fprintf) refers to fputc_fp.o(.text) for fputc
    printfa.o(i.__0printf) refers (Special) to iusefp.o(.text) for __I$use$fp
    printfa.o(i.__0printf) refers to printfa.o(i._printf_core) for _printf_core
    printfa.o(i.__0printf) refers to fputc_fp.o(.text) for fputc
    printfa.o(i.__0printf) refers to stdout_f.o(.bss) for __stdout
    printfa.o(i.__0snprintf) refers (Special) to iusefp.o(.text) for __I$use$fp
    printfa.o(i.__0snprintf) refers to printfa.o(i._printf_core) for _printf_core
    printfa.o(i.__0snprintf) refers to printfa.o(i._snputc) for _snputc
    printfa.o(i.__0sprintf) refers (Special) to iusefp.o(.text) for __I$use$fp
    printfa.o(i.__0sprintf) refers to printfa.o(i._printf_core) for _printf_core
    printfa.o(i.__0sprintf) refers to printfa.o(i._sputc) for _sputc
    printfa.o(i.__0vfprintf) refers (Special) to iusefp.o(.text) for __I$use$fp
    printfa.o(i.__0vfprintf) refers to printfa.o(i._printf_core) for _printf_core
    printfa.o(i.__0vfprintf) refers to fputc_fp.o(.text) for fputc
    printfa.o(i.__0vprintf) refers (Special) to iusefp.o(.text) for __I$use$fp
    printfa.o(i.__0vprintf) refers to printfa.o(i._printf_core) for _printf_core
    printfa.o(i.__0vprintf) refers to fputc_fp.o(.text) for fputc
    printfa.o(i.__0vprintf) refers to stdout_f.o(.bss) for __stdout
    printfa.o(i.__0vsnprintf) refers (Special) to iusefp.o(.text) for __I$use$fp
    printfa.o(i.__0vsnprintf) refers to printfa.o(i._printf_core) for _printf_core
    printfa.o(i.__0vsnprintf) refers to printfa.o(i._snputc) for _snputc
    printfa.o(i.__0vsprintf) refers (Special) to iusefp.o(.text) for __I$use$fp
    printfa.o(i.__0vsprintf) refers to printfa.o(i._printf_core) for _printf_core
    printfa.o(i.__0vsprintf) refers to printfa.o(i._sputc) for _sputc
    printfa.o(i._fp_digits) refers (Special) to iusefp.o(.text) for __I$use$fp
    printfa.o(i._fp_digits) refers to dmul.o(.text) for __aeabi_dmul
    printfa.o(i._fp_digits) refers to ddiv.o(.text) for __aeabi_ddiv
    printfa.o(i._fp_digits) refers to cdrcmple.o(.text) for __aeabi_cdrcmple
    printfa.o(i._fp_digits) refers to dadd.o(.text) for __aeabi_dadd
    printfa.o(i._fp_digits) refers to dfixul.o(.text) for __aeabi_d2ulz
    printfa.o(i._fp_digits) refers to uldiv.o(.text) for __aeabi_uldivmod
    printfa.o(i._printf_core) refers (Special) to iusefp.o(.text) for __I$use$fp
    printfa.o(i._printf_core) refers to printfa.o(i._printf_pre_padding) for _printf_pre_padding
    printfa.o(i._printf_core) refers to uldiv.o(.text) for __aeabi_uldivmod
    printfa.o(i._printf_core) refers to printfa.o(i._printf_post_padding) for _printf_post_padding
    printfa.o(i._printf_core) refers to printfa.o(i._fp_digits) for _fp_digits
    printfa.o(i._printf_core) refers to uidiv.o(.text) for __aeabi_uidivmod
    printfa.o(i._printf_post_padding) refers (Special) to iusefp.o(.text) for __I$use$fp
    printfa.o(i._printf_pre_padding) refers (Special) to iusefp.o(.text) for __I$use$fp
    printfa.o(i._snputc) refers (Special) to iusefp.o(.text) for __I$use$fp
    printfa.o(i._sputc) refers (Special) to iusefp.o(.text) for __I$use$fp
    vfscanf.o(.text) refers (Special) to _scanf_int.o(.text) for _scanf_int
    vfscanf.o(.text) refers (Special) to _scanf_longlong.o(.text) for _scanf_longlong
    vfscanf.o(.text) refers (Special) to scanf_fp.o(.text) for _scanf_real
    vfscanf.o(.text) refers (Special) to _scanf_str.o(.text) for _scanf_string
    vfscanf.o(.text) refers to scanf_char_file.o(.text) for __vfscanf_char_file
    __0sscanf.o(.text) refers to scanf_char.o(.text) for __vfscanf_char
    __0sscanf.o(.text) refers to _sgetc.o(.text) for _sgetc
    _scanf_int.o(.text) refers to _chval.o(.text) for _chval
    cpp_init.o(.emb_text) refers (Special) to entry8a.o(.ARM.Collect$$$$00000009) for _main_cpp_init$empty
    cpp_init.o(.init_array) refers (Special) to entry8a.o(.ARM.Collect$$$$00000009) for _main_cpp_init$empty
    cpp_init.o(.init_array) refers to cpp_init.o(.text) for __cpp_initialize__aeabi_
    cpp_init.o(.dummy_text) refers (Special) to entry8a.o(.ARM.Collect$$$$00000009) for _main_cpp_init$empty
    cpp_init.o(.text) refers (Special) to entry8a.o(.ARM.Collect$$$$00000009) for _main_cpp_init$empty
    aeabi_atexit.o(.text) refers (Special) to cxa_finalize.o(.text) for __cxa_finalize
    aeabi_atexit.o(.text) refers to malloc.o(i.malloc) for malloc
    aeabi_atexit.o(.text) refers to cpp_dtor.o(.text) for __rt_ddtor_pointer_addr
    dadd.o(.text) refers (Special) to iusefp.o(.text) for __I$use$fp
    dadd.o(.text) refers to llshl.o(.text) for __aeabi_llsl
    dadd.o(.text) refers to llsshr.o(.text) for __aeabi_lasr
    dadd.o(.text) refers to depilogue.o(.text) for _double_epilogue
    dmul.o(.text) refers (Special) to iusefp.o(.text) for __I$use$fp
    dmul.o(.text) refers to depilogue.o(.text) for _double_epilogue
    ddiv.o(.text) refers (Special) to iusefp.o(.text) for __I$use$fp
    ddiv.o(.text) refers to depilogue.o(.text) for _double_round
    f2d.o(.text) refers (Special) to iusefp.o(.text) for __I$use$fp
    d2f.o(.text) refers (Special) to iusefp.o(.text) for __I$use$fp
    d2f.o(.text) refers to fepilogue.o(.text) for _float_round
    arm_callunex_noexceptions.o(.ARM.exidx) refers to arm_callunex_noexceptions.o(.text) for .text
    arm_newhandler_noexceptions.o(.text) refers to arm_exceptions_terminate.o(.text) for std::terminate()
    arm_newhandler_noexceptions.o(.ARM.exidx) refers to arm_newhandler_noexceptions.o(.text) for .text
    bad_alloc_dtor.o(i._ZNSt9bad_allocD0Ev) refers to bad_alloc_dtor.o(i._ZNSt9bad_allocD1Ev) for std::bad_alloc::~bad_alloc()
    bad_alloc_dtor.o(i._ZNSt9bad_allocD0Ev) refers to delete.o(i._ZdlPv) for operator delete (void*)
    bad_alloc_dtor.o(.ARM.exidx) refers to bad_alloc_dtor.o(i._ZNSt9bad_allocD1Ev) for i._ZNSt9bad_allocD1Ev
    bad_alloc_dtor.o(.ARM.exidx) refers to bad_alloc_dtor.o(i._ZNSt9bad_allocD0Ev) for i._ZNSt9bad_allocD0Ev
    type_info_dtor.o(.ARM.exidx) refers to type_info_dtor.o(i._ZNSt9type_infoD1Ev) for i._ZNSt9type_infoD1Ev
    type_info_dtor.o(.ARM.exidx) refers to type_info_dtor.o(i._ZNSt9type_infoD0Ev) for i._ZNSt9type_infoD0Ev
    arm_exceptions_callterm.o(.text) refers to arm_exceptions_globs.o(.text) for __cxa_get_globals
    arm_exceptions_callterm.o(.text) refers to arm_exceptions_support.o(.text) for __ARM::is_foreign_exception(_Unwind_Control_Block*)
    arm_exceptions_callterm.o(.text) refers to arm_exceptions_terminate.o(.text) for std::terminate()
    arm_exceptions_callterm.o(.ARM.exidx) refers to arm_exceptions_callterm.o(.text) for .text
    unwind_pr0.o(.text) refers to unwind_prcommon.o(.text) for __ARM_unwind_cpp_prcommon
    unwind_pr0.o(.ARM.exidx) refers to unwind_pr0.o(.text) for .text
    entry2.o(.ARM.Collect$$$$00000001) refers to entry2.o(.ARM.Collect$$$$00002712) for __lit__00000000
    entry2.o(__vectab_stack_and_reset_area) refers to entry.o(.ARM.Collect$$$$00000000) for __main
    entry5.o(.ARM.Collect$$$$00000004) refers to init.o(.text) for __scatterload
    entry8a.o(.ARM.Collect$$$$00000009) refers (Weak) to cpp_init.o(.text) for __cpp_initialize__aeabi_
    entry9a.o(.ARM.Collect$$$$0000000B) refers to retarget.o(i.$Sub$$main) for main
    entry9b.o(.ARM.Collect$$$$0000000C) refers to retarget.o(i.$Sub$$main) for main
    entry10b.o(.ARM.Collect$$$$0000000E) refers (Weak) to cxa_finalize.o(.text) for __cxa_finalize
    sys_tmpnam.o(.text) refers (Special) to iusesemihosting.o(.text) for __I$use$semihosting
    sys_tmpnam.o(.text) refers (Special) to semi.o(.text) for __semihosting_library_function
    uldiv.o(.text) refers to llushr.o(.text) for __aeabi_llsr
    uldiv.o(.text) refers to llshl.o(.text) for __aeabi_llsl
    malloc.o(i.free) refers to mvars.o(.data) for __microlib_freelist
    malloc.o(i.malloc) refers to mvars.o(.data) for __microlib_freelist_initialised
    malloc.o(i.malloc) refers to mvars.o(.data) for __microlib_freelist
    malloc.o(i.malloc) refers to startup_stm32f401xe.o(HEAP) for __heap_base
    mallocr.o(i.__free$realloc) refers to mvars.o(.data) for __microlib_freelist
    mallocr.o(i.__malloc$realloc) refers to mallocr.o(i.internal_alloc) for internal_alloc
    mallocr.o(i.__malloc$realloc) refers to mvars.o(.data) for __microlib_freelist_initialised
    mallocr.o(i.__malloc$realloc) refers to startup_stm32f401xe.o(HEAP) for __heap_base
    mallocr.o(i.__malloc$realloc) refers to mvars.o(.data) for __microlib_freelist
    mallocr.o(i.internal_alloc) refers to memcpya.o(.text) for __aeabi_memcpy
    mallocr.o(i.internal_alloc) refers to mvars.o(.data) for __microlib_freelist
    mallocr.o(i.realloc) refers to mallocr.o(i.__free$realloc) for __free$realloc
    mallocr.o(i.realloc) refers to mallocr.o(i.internal_alloc) for internal_alloc
    mallocr.o(i.realloc) refers to mallocr.o(i.__malloc$realloc) for __malloc$realloc
    mallocr.o(i.realloc) refers to mvars.o(.data) for __microlib_freelist
    malloca.o(i.__aligned_malloc) refers to mvars.o(.data) for __microlib_freelist_initialised
    malloca.o(i.__aligned_malloc) refers to mvars.o(.data) for __microlib_freelist
    malloca.o(i.__aligned_malloc) refers to startup_stm32f401xe.o(HEAP) for __heap_base
    malloca.o(i.__free$memalign) refers to mvars.o(.data) for __microlib_freelist
    malloca.o(i.__malloc$memalign) refers to malloca.o(i.__aligned_malloc) for __aligned_malloc
    mallocra.o(i.__aligned_malloc$realloc) refers to mallocra.o(i.internal_alloc) for internal_alloc
    mallocra.o(i.__aligned_malloc$realloc) refers to mvars.o(.data) for __microlib_freelist_initialised
    mallocra.o(i.__aligned_malloc$realloc) refers to startup_stm32f401xe.o(HEAP) for __heap_base
    mallocra.o(i.__aligned_malloc$realloc) refers to mvars.o(.data) for __microlib_freelist
    mallocra.o(i.__free$realloc$memalign) refers to mvars.o(.data) for __microlib_freelist
    mallocra.o(i.__malloc$realloc$memalign) refers to mallocra.o(i.__aligned_malloc$realloc) for __aligned_malloc$realloc
    mallocra.o(i.__realloc$memalign) refers to mallocra.o(i.__free$realloc$memalign) for __free$realloc$memalign
    mallocra.o(i.__realloc$memalign) refers to mallocra.o(i.internal_alloc) for internal_alloc
    mallocra.o(i.__realloc$memalign) refers to mallocra.o(i.__malloc$realloc$memalign) for __malloc$realloc$memalign
    mallocra.o(i.__realloc$memalign) refers to mvars.o(.data) for __microlib_freelist
    mallocra.o(i.internal_alloc) refers to memcpya.o(.text) for __aeabi_memcpy
    mallocra.o(i.internal_alloc) refers to mvars.o(.data) for __microlib_freelist
    _scanf_longlong.o(.text) refers to _chval.o(.text) for _chval
    scanf_fp.o(.text) refers (Special) to iusefp.o(.text) for __I$use$fp
    scanf_fp.o(.text) refers to dfltul.o(.text) for __aeabi_ul2d
    scanf_fp.o(.text) refers to dmul.o(.text) for __aeabi_dmul
    scanf_fp.o(.text) refers to ddiv.o(.text) for __aeabi_ddiv
    scanf_fp.o(.text) refers to scanf_fp.o(i._is_digit) for _is_digit
    scanf_fp.o(.text) refers to d2f.o(.text) for __aeabi_d2f
    scanf_char.o(.text) refers to _scanf.o(.text) for __vfscanf
    scanf_char.o(.text) refers to isspace_c.o(.text) for isspace
    scanf_char_file.o(.text) refers to scanf_char.o(.text) for __vfscanf_char
    scanf_char_file.o(.text) refers to fgetc_bpf.o(.text) for fgetc
    cpp_dtor.o(.text) refers to cpp_dtor.o(.data) for .data
    cpp_memory.o(.text) refers to cpp_memory.o(.data) for .data
    cxa_finalize.o(.text) refers (Special) to cpp_final.o(.text) for __rt_lib_shutdown_cpp_2
    cxa_finalize.o(.text) refers to cpp_dtor.o(.text) for __rt_ddtor_pointer_addr
    cxa_finalize.o(.text) refers to malloc.o(i.free) for free
    depilogue.o(.text) refers to llshl.o(.text) for __aeabi_llsl
    depilogue.o(.text) refers to llushr.o(.text) for __aeabi_llsr
    dfixul.o(.text) refers to llushr.o(.text) for __aeabi_llsr
    dfixul.o(.text) refers to llshl.o(.text) for __aeabi_llsl
    arm_begincatch_noexceptions.o(.ARM.exidx) refers to arm_begincatch_noexceptions.o(.text) for .text
    bad_alloc_what.o(.ARM.exidx) refers to bad_alloc_what.o(i._ZNKSt9bad_alloc4whatEv) for i._ZNKSt9bad_alloc4whatEv
    exception_dtor.o(i._ZNSt9exceptionD0Ev) refers to delete.o(i._ZdlPv) for operator delete (void*)
    exception_dtor.o(.ARM.exidx) refers to exception_dtor.o(i._ZNSt9exceptionD1Ev) for i._ZNSt9exceptionD1Ev
    exception_dtor.o(.ARM.exidx) refers to exception_dtor.o(i._ZNSt9exceptionD0Ev) for i._ZNSt9exceptionD0Ev
    arm_exceptions_support.o(.text) refers to arm_exceptions_support.o(.constdata) for .constdata
    arm_exceptions_support.o(.ARM.exidx) refers to arm_exceptions_support.o(.text) for .text
    arm_exceptions_terminate.o(.text) refers to arm_exceptions_globs.o(.text) for __cxa_get_globals
    arm_exceptions_terminate.o(.ARM.exidx) refers to arm_exceptions_terminate.o(.text) for .text
    arm_exceptions_globs.o(.text) refers to cpp_memory.o(.text) for __rt_eh_globals_addr
    arm_exceptions_globs.o(.text) refers to malloc.o(i.malloc) for malloc
    arm_exceptions_globs.o(.text) refers to arm_exceptions_mem.o(.text) for __ARM_exceptions_buffer_init
    arm_exceptions_globs.o(.ARM.exidx) refers to arm_exceptions_globs.o(.text) for .text
    unwind_prcommon.o(.text) refers to unwinder.o(.text) for _Unwind_VRS_Get
    unwind_prcommon.o(.text) refers to unwind_activity.o(.emb_text) for _Unwind_Activity
    unwind_prcommon.o(.text) refers (Weak) to arm_callunex_noexceptions.o(.text) for __cxa_call_unexpected
    unwind_prcommon.o(.ARM.exidx) refers to unwind_prcommon.o(.text) for .text
    init.o(.text) refers to entry5.o(.ARM.Collect$$$$00000004) for __main_after_scatterload
    isspace_c.o(.text) refers to ctype_c.o(.text) for __ctype_lookup
    _scanf.o(.text) refers (Weak) to scanf_fp.o(.text) for _scanf_real
    _scanf.o(.text) refers (Weak) to _scanf_longlong.o(.text) for _scanf_longlong
    _scanf.o(.text) refers (Weak) to _scanf_int.o(.text) for _scanf_int
    _scanf.o(.text) refers (Weak) to _scanf_str.o(.text) for _scanf_string
    cpp_final.o(.text) refers (Special) to entry10b.o(.ARM.Collect$$$$0000000E) for __rt_final_cpp$nonempty
    dfltul.o(.text) refers to depilogue.o(.text) for _double_epilogue
    exception_what.o(.ARM.exidx) refers to exception_what.o(i._ZNKSt9exception4whatEv) for i._ZNKSt9exception4whatEv
    arm_exceptions_mem.o(.text) refers to malloc.o(i.malloc) for malloc
    arm_exceptions_mem.o(.ARM.exidx) refers to arm_exceptions_mem.o(.text) for .text
    unwinder.o(.emb_text) refers to unwinder.o(.text) for __ARM_Unwind_RaiseException
    unwinder.o(.text) refers to bsearch.o(.text) for bsearch
    unwinder.o(.text) refers to unwind_activity.o(.emb_text) for _Unwind_Activity
    unwinder.o(.text) refers to unwinder.o(.emb_text) for __ARM_Unwind_VRS_corerestore
    unwinder.o(.text) refers to malloc.o(i.malloc) for malloc
    unwinder.o(.text) refers to memcpya.o(.text) for __aeabi_memcpy4
    unwinder.o(.text) refers to malloc.o(i.free) for free
    unwinder.o(.text) refers (Weak) to unwind_pr0.o(.text) for __aeabi_unwind_cpp_pr0
    unwinder.o(.ARM.exidx) refers to unwinder.o(.text) for .text
    ctype_c.o(.text) refers to ctype_c.o(.constdata) for .constdata
    encoder.o(t._ZN4mbed19FunctionPointerArg1IvvE6attachI7EncoderEEvPT_MS4_FvvE) refers to encoder.o(t._ZN4mbed19FunctionPointerArg1IvvE12membercallerI7EncoderEEvPvPj) for void mbed::FunctionPointerArg1<void, void>::membercaller<Encoder>(void*, unsigned*)
    encoder.o(.ARM.exidx) refers to encoder.o(t._ZN4mbed19FunctionPointerArg1IvvE6attachI7EncoderEEvPT_MS4_FvvE) for t._ZN4mbed19FunctionPointerArg1IvvE6attachI7EncoderEEvPT_MS4_FvvE
    encoder.o(.ARM.exidx) refers to encoder.o(t._ZN4mbed19FunctionPointerArg1IvvE12membercallerI7EncoderEEvPvPj) for t._ZN4mbed19FunctionPointerArg1IvvE12membercallerI7EncoderEEvPvPj
    motor.o(i._ZN4mbed10DigitalOutaSEi) refers to assert.o(i.mbed_assert_internal) for mbed_assert_internal
    motor.o(i._ZN4mbed10DigitalOutaSEi) refers to motor.o(.conststring) for .conststring
    motor.o(.ARM.exidx) refers to motor.o(i._ZN4mbed10DigitalOutaSEi) for i._ZN4mbed10DigitalOutaSEi
    motor.o(i._ZN4mbed6PwmOutaSEf) refers to pwmout_api.o(i.pwmout_write) for pwmout_write
    motor.o(.ARM.exidx) refers to motor.o(i._ZN4mbed6PwmOutaSEf) for i._ZN4mbed6PwmOutaSEf
    motor.o(.ARM.exidx) refers to motor.o(t._ZN4mbed19FunctionPointerArg1IvvE12membercallerI9DriveLockEEvPvPj) for t._ZN4mbed19FunctionPointerArg1IvvE12membercallerI9DriveLockEEvPvPj
    motor.o(i._ZN4mbed10DigitalOutC1E7PinName) refers to gpio.o(i.gpio_init_out) for gpio_init_out
    motor.o(.ARM.exidx) refers to motor.o(i._ZN4mbed10DigitalOutC1E7PinName) for i._ZN4mbed10DigitalOutC1E7PinName
    motor.o(i._ZN9DriveLock5driveEv) refers to encoder.o(.text) for getEncoderDistance()
    motor.o(i._ZN9DriveLock5driveEv) refers to motor.o(.text) for stop()
    motor.o(i._ZN9DriveLock5driveEv) refers to Ticker.o(i._ZN4mbed6Ticker6detachEv) for mbed::Ticker::detach()
    motor.o(i._ZN9DriveLock5driveEv) refers to motor.o(.bss) for motorInOperation
    motor.o(.ARM.exidx) refers to motor.o(i._ZN9DriveLock5driveEv) for i._ZN9DriveLock5driveEv
    gyro.o(t._ZN4mbed6Ticker6attachI4GyroEEvPT_MS3_FvvEf) refers to Ticker.o(i._ZN4mbed6Ticker5setupEj) for mbed::Ticker::setup(unsigned)
    gyro.o(t._ZN4mbed6Ticker6attachI4GyroEEvPT_MS3_FvvEf) refers to gyro.o(t._ZN4mbed19FunctionPointerArg1IvvE12membercallerI4GyroEEvPvPj) for void mbed::FunctionPointerArg1<void, void>::membercaller<Gyro>(void*, unsigned*)
    gyro.o(.ARM.exidx) refers to gyro.o(t._ZN4mbed6Ticker6attachI4GyroEEvPT_MS3_FvvEf) for t._ZN4mbed6Ticker6attachI4GyroEEvPT_MS3_FvvEf
    gyro.o(i._ZN4mbed6TickerC1Ev) refers to TimerEvent.o(i._ZN4mbed10TimerEventC2Ev) for mbed::TimerEvent::TimerEvent__sub_object()
    gyro.o(i._ZN4mbed6TickerC1Ev) refers to Ticker.o(.constdata__ZTVN4mbed6TickerE) for vtable for mbed::Ticker
    gyro.o(.ARM.exidx) refers to gyro.o(i._ZN4mbed6TickerC1Ev) for i._ZN4mbed6TickerC1Ev
    gyro.o(.ARM.exidx) refers to gyro.o(t._ZN4mbed19FunctionPointerArg1IvvE12membercallerI4GyroEEvPvPj) for t._ZN4mbed19FunctionPointerArg1IvvE12membercallerI4GyroEEvPvPj
    gyro.o(i._ZN4mbed8AnalogIncvfEv) refers to analogin_api.o(i.analogin_read) for analogin_read
    gyro.o(.ARM.exidx) refers to gyro.o(i._ZN4mbed8AnalogIncvfEv) for i._ZN4mbed8AnalogIncvfEv
    main.o(i._ZN4mbed9DigitalIncviEv) refers to assert.o(i.mbed_assert_internal) for mbed_assert_internal
    main.o(i._ZN4mbed9DigitalIncviEv) refers to main.o(.conststring) for .conststring
    main.o(.ARM.exidx) refers to main.o(i._ZN4mbed9DigitalIncviEv) for i._ZN4mbed9DigitalIncviEv
    main.o(.ARM.exidx) refers to main.o(t._ZN4mbed19FunctionPointerArg1IvvE6attachEPFvvE) for t._ZN4mbed19FunctionPointerArg1IvvE6attachEPFvvE
    main.o(i._ZN7EncoderD1Ev) refers to InterruptIn.o(i._ZN4mbed11InterruptInD1Ev) for mbed::InterruptIn::~InterruptIn()
    main.o(.ARM.exidx) refers to main.o(i._ZN7EncoderD1Ev) for i._ZN7EncoderD1Ev
    retarget.o(.constdata__ZTVN4mbed10FileHandleE) refers (Special) to entry6b.o(.ARM.Collect$$$$00000006) for __use_full_stdio
    retarget.o(.constdata__ZTVN4mbed10FileHandleE) refers to retarget.o(.constdata__ZTIN4mbed10FileHandleE) for typeinfo for mbed::FileHandle
    retarget.o(.constdata__ZTVN4mbed10FileHandleE) refers to pure_virt.o(i.__cxa_pure_virtual) for __cxa_pure_virtual
    retarget.o(.constdata__ZTVN4mbed10FileHandleE) refers to retarget.o(i._ZN4mbed10FileHandle4flenEv) for mbed::FileHandle::flen()
    retarget.o(.constdata__ZTVN4mbed10FileHandleE) refers to retarget.o(i._ZN4mbed10FileHandleD2Ev) for mbed::FileHandle::~FileHandle__sub_object()
    retarget.o(.constdata__ZTVN4mbed10FileHandleE) refers to retarget.o(i._ZN4mbed10FileHandleD0Ev) for mbed::FileHandle::~FileHandle__deallocating()
    retarget.o(i._ZN4mbed10FileHandle4flenEv) refers (Special) to entry6b.o(.ARM.Collect$$$$00000006) for __use_full_stdio
    retarget.o(.ARM.exidx) refers (Special) to entry6b.o(.ARM.Collect$$$$00000006) for __use_full_stdio
    retarget.o(.ARM.exidx) refers to retarget.o(i._ZN4mbed10FileHandle4flenEv) for i._ZN4mbed10FileHandle4flenEv
    retarget.o(.constdata__ZTIN4mbed10FileHandleE) refers (Special) to entry6b.o(.ARM.Collect$$$$00000006) for __use_full_stdio
    retarget.o(.constdata__ZTIN4mbed10FileHandleE) refers to lib_rtti_impl.o(.constdata__ZTVN10__cxxabiv117__class_type_infoE) for vtable for __cxxabiv1::__class_type_info
    retarget.o(.constdata__ZTIN4mbed10FileHandleE) refers to retarget.o(.constdata__ZTSN4mbed10FileHandleE) for typeinfo name for mbed::FileHandle
    retarget.o(.constdata__ZTSN4mbed10FileHandleE) refers (Special) to entry6b.o(.ARM.Collect$$$$00000006) for __use_full_stdio
    FileSystemLike.o(.constdata__ZTVN4mbed14FileSystemLikeE) refers to FileSystemLike.o(.constdata__ZTIN4mbed14FileSystemLikeE) for typeinfo for mbed::FileSystemLike
    FileSystemLike.o(.constdata__ZTVN4mbed14FileSystemLikeE) refers to FileSystemLike.o(i._ZN4mbed14FileSystemLikeD2Ev) for mbed::FileSystemLike::~FileSystemLike__sub_object()
    FileSystemLike.o(.constdata__ZTVN4mbed14FileSystemLikeE) refers to FileSystemLike.o(i._ZN4mbed14FileSystemLikeD0Ev) for mbed::FileSystemLike::~FileSystemLike__deallocating()
    FileSystemLike.o(.constdata__ZTVN4mbed14FileSystemLikeE) refers to pure_virt.o(i.__cxa_pure_virtual) for __cxa_pure_virtual
    FileSystemLike.o(.constdata__ZTVN4mbed14FileSystemLikeE) refers to FileSystemLike.o(i._ZN4mbed14FileSystemLike6removeEPKc) for mbed::FileSystemLike::remove(const char*)
    FileSystemLike.o(.constdata__ZTVN4mbed14FileSystemLikeE) refers to FileSystemLike.o(i._ZN4mbed14FileSystemLike6renameEPKcS2_) for mbed::FileSystemLike::rename(const char*, const char*)
    FileSystemLike.o(.constdata__ZTVN4mbed14FileSystemLikeE) refers to FileSystemLike.o(i._ZN4mbed14FileSystemLike7opendirEPKc) for mbed::FileSystemLike::opendir(const char*)
    FileSystemLike.o(.constdata__ZTVN4mbed14FileSystemLikeE) refers to FileSystemLike.o(i._ZN4mbed14FileSystemLike5mkdirEPKci) for mbed::FileSystemLike::mkdir(const char*, int)
    FileSystemLike.o(.ARM.exidx) refers to FileSystemLike.o(i._ZN4mbed14FileSystemLike6removeEPKc) for i._ZN4mbed14FileSystemLike6removeEPKc
    FileSystemLike.o(.ARM.exidx) refers to FileSystemLike.o(i._ZN4mbed14FileSystemLike6renameEPKcS2_) for i._ZN4mbed14FileSystemLike6renameEPKcS2_
    FileSystemLike.o(.ARM.exidx) refers to FileSystemLike.o(i._ZN4mbed14FileSystemLike7opendirEPKc) for i._ZN4mbed14FileSystemLike7opendirEPKc
    FileSystemLike.o(.ARM.exidx) refers to FileSystemLike.o(i._ZN4mbed14FileSystemLike5mkdirEPKci) for i._ZN4mbed14FileSystemLike5mkdirEPKci
    FileSystemLike.o(.constdata__ZTVN4mbed13BaseDirHandleE) refers to FileSystemLike.o(.constdata__ZTIN4mbed13BaseDirHandleE) for typeinfo for mbed::BaseDirHandle
    FileSystemLike.o(.constdata__ZTVN4mbed13BaseDirHandleE) refers to FileSystemLike.o(i._ZN4mbed13BaseDirHandle8closedirEv) for mbed::BaseDirHandle::closedir()
    FileSystemLike.o(.constdata__ZTVN4mbed13BaseDirHandleE) refers to FileSystemLike.o(i._ZN4mbed13BaseDirHandle7readdirEv) for mbed::BaseDirHandle::readdir()
    FileSystemLike.o(.constdata__ZTVN4mbed13BaseDirHandleE) refers to FileSystemLike.o(i._ZN4mbed13BaseDirHandle9rewinddirEv) for mbed::BaseDirHandle::rewinddir()
    FileSystemLike.o(.constdata__ZTVN4mbed13BaseDirHandleE) refers to FileSystemLike.o(i._ZN4mbed13BaseDirHandle7telldirEv) for mbed::BaseDirHandle::telldir()
    FileSystemLike.o(.constdata__ZTVN4mbed13BaseDirHandleE) refers to FileSystemLike.o(i._ZN4mbed13BaseDirHandle7seekdirEl) for mbed::BaseDirHandle::seekdir(long)
    FileSystemLike.o(.constdata__ZTVN4mbed13BaseDirHandleE) refers to FileSystemLike.o(i._ZN4mbed13BaseDirHandleD1Ev) for mbed::BaseDirHandle::~BaseDirHandle()
    FileSystemLike.o(.constdata__ZTVN4mbed13BaseDirHandleE) refers to FileSystemLike.o(i._ZN4mbed13BaseDirHandleD0Ev) for mbed::BaseDirHandle::~BaseDirHandle__deallocating()
    FileSystemLike.o(.constdata__ZTIN4mbed14FileSystemLikeE) refers to lib_rtti_impl.o(.constdata__ZTVN10__cxxabiv120__si_class_type_infoE) for vtable for __cxxabiv1::__si_class_type_info
    FileSystemLike.o(.constdata__ZTIN4mbed14FileSystemLikeE) refers to FileSystemLike.o(.constdata__ZTSN4mbed14FileSystemLikeE) for typeinfo name for mbed::FileSystemLike
    FileSystemLike.o(.constdata__ZTIN4mbed14FileSystemLikeE) refers to FileBase.o(.constdata__ZTIN4mbed8FileBaseE) for typeinfo for mbed::FileBase
    FileSystemLike.o(.constdata__ZTIN4mbed13BaseDirHandleE) refers to lib_rtti_impl.o(.constdata__ZTVN10__cxxabiv120__si_class_type_infoE) for vtable for __cxxabiv1::__si_class_type_info
    FileSystemLike.o(.constdata__ZTIN4mbed13BaseDirHandleE) refers to FileSystemLike.o(.constdata__ZTSN4mbed13BaseDirHandleE) for typeinfo name for mbed::BaseDirHandle
    FileSystemLike.o(.constdata__ZTIN4mbed13BaseDirHandleE) refers to FileSystemLike.o(.constdata__ZTIN4mbed9DirHandleE) for typeinfo for mbed::DirHandle
    FileSystemLike.o(.constdata__ZTIN4mbed9DirHandleE) refers to lib_rtti_impl.o(.constdata__ZTVN10__cxxabiv117__class_type_infoE) for vtable for __cxxabiv1::__class_type_info
    FileSystemLike.o(.constdata__ZTIN4mbed9DirHandleE) refers to FileSystemLike.o(.constdata__ZTSN4mbed9DirHandleE) for typeinfo name for mbed::DirHandle
    FileSystemLike.o(.ARM.exidx) refers to FileSystemLike.o(i._ZN4mbed13BaseDirHandle8closedirEv) for i._ZN4mbed13BaseDirHandle8closedirEv
    FileSystemLike.o(i._ZN4mbed13BaseDirHandle7readdirEv) refers to FileBase.o(i._ZN4mbed8FileBase3getEi) for mbed::FileBase::get(int)
    FileSystemLike.o(i._ZN4mbed13BaseDirHandle7readdirEv) refers to FileBase.o(i._ZN4mbed8FileBase7getNameEv) for mbed::FileBase::getName()
    FileSystemLike.o(i._ZN4mbed13BaseDirHandle7readdirEv) refers to strncpy.o(.text) for strncpy
    FileSystemLike.o(.ARM.exidx) refers to FileSystemLike.o(i._ZN4mbed13BaseDirHandle7readdirEv) for i._ZN4mbed13BaseDirHandle7readdirEv
    FileSystemLike.o(.ARM.exidx) refers to FileSystemLike.o(i._ZN4mbed13BaseDirHandle7telldirEv) for i._ZN4mbed13BaseDirHandle7telldirEv
    FileSystemLike.o(.ARM.exidx) refers to FileSystemLike.o(i._ZN4mbed13BaseDirHandle7seekdirEl) for i._ZN4mbed13BaseDirHandle7seekdirEl
    FileSystemLike.o(.ARM.exidx) refers to FileSystemLike.o(i._ZN4mbed13BaseDirHandle9rewinddirEv) for i._ZN4mbed13BaseDirHandle9rewinddirEv
    FileSystemLike.o(.ARM.exidx) refers to FileSystemLike.o(i._ZN4mbed13BaseDirHandleD1Ev) for i._ZN4mbed13BaseDirHandleD1Ev
    FileSystemLike.o(i._ZN4mbed13BaseDirHandleD0Ev) refers to delete.o(i._ZdlPv) for operator delete (void*)
    FileSystemLike.o(.ARM.exidx) refers to FileSystemLike.o(i._ZN4mbed13BaseDirHandleD0Ev) for i._ZN4mbed13BaseDirHandleD0Ev
    InterruptIn.o(.constdata__ZTVN4mbed11InterruptInE) refers to InterruptIn.o(.constdata__ZTIN4mbed11InterruptInE) for typeinfo for mbed::InterruptIn
    InterruptIn.o(.constdata__ZTVN4mbed11InterruptInE) refers to InterruptIn.o(i._ZN4mbed11InterruptInD1Ev) for mbed::InterruptIn::~InterruptIn()
    InterruptIn.o(.constdata__ZTVN4mbed11InterruptInE) refers to InterruptIn.o(i._ZN4mbed11InterruptInD0Ev) for mbed::InterruptIn::~InterruptIn__deallocating()
    InterruptIn.o(.constdata__ZTIN4mbed11InterruptInE) refers to lib_rtti_impl.o(.constdata__ZTVN10__cxxabiv117__class_type_infoE) for vtable for __cxxabiv1::__class_type_info
    InterruptIn.o(.constdata__ZTIN4mbed11InterruptInE) refers to InterruptIn.o(.constdata__ZTSN4mbed11InterruptInE) for typeinfo name for mbed::InterruptIn
    Serial.o(.constdata__ZTVN4mbed6SerialE) refers to Serial.o(.constdata__ZTIN4mbed6SerialE) for typeinfo for mbed::Serial
    Serial.o(.constdata__ZTVN4mbed6SerialE) refers to Serial.o(i._ZN4mbed6SerialD1Ev) for mbed::Serial::~Serial()
    Serial.o(.constdata__ZTVN4mbed6SerialE) refers to Serial.o(i._ZN4mbed6SerialD0Ev) for mbed::Serial::~Serial__deallocating()
    Serial.o(.constdata__ZTVN4mbed6SerialE) refers to Serial.o(i._ZN4mbed6Serial5_getcEv) for mbed::Serial::_getc()
    Serial.o(.constdata__ZTVN4mbed6SerialE) refers to Serial.o(i._ZN4mbed6Serial5_putcEi) for mbed::Serial::_putc(int)
    Serial.o(.constdata__ZTVN4mbed6SerialE) refers to Stream.o(i._ZN4mbed6Stream5writeEPKvj) for mbed::Stream::write(const void*, unsigned)
    Serial.o(.constdata__ZTVN4mbed6SerialE) refers to Stream.o(i._ZN4mbed6Stream5closeEv) for mbed::Stream::close()
    Serial.o(.constdata__ZTVN4mbed6SerialE) refers to Stream.o(i._ZN4mbed6Stream4readEPvj) for mbed::Stream::read(void*, unsigned)
    Serial.o(.constdata__ZTVN4mbed6SerialE) refers to Stream.o(i._ZN4mbed6Stream6isattyEv) for mbed::Stream::isatty()
    Serial.o(.constdata__ZTVN4mbed6SerialE) refers to Stream.o(i._ZN4mbed6Stream5lseekEli) for mbed::Stream::lseek(long, int)
    Serial.o(.constdata__ZTVN4mbed6SerialE) refers to Stream.o(i._ZN4mbed6Stream5fsyncEv) for mbed::Stream::fsync()
    Serial.o(.constdata__ZTVN4mbed6SerialE) refers to Stream.o(i._ZN4mbed6Stream4flenEv) for mbed::Stream::flen()
    Serial.o(.constdata__ZTVN4mbed6SerialE) refers to Serial.o(i._ZThn84_N4mbed6SerialD1Ev) for thunk{-84} to mbed::Serial::~Serial()
    Serial.o(.constdata__ZTVN4mbed6SerialE) refers to Serial.o(i._ZThn84_N4mbed6SerialD0Ev) for thunk{-84} to mbed::Serial::~Serial__deallocating()
    Serial.o(.constdata__ZTVN4mbed6SerialE) refers to Serial.o(i._ZThn84_N4mbed6Serial5_putcEi) for thunk{-84} to mbed::Serial::_putc(int)
    Serial.o(.constdata__ZTVN4mbed6SerialE) refers to Serial.o(i._ZThn84_N4mbed6Serial5_getcEv) for thunk{-84} to mbed::Serial::_getc()
    Serial.o(.constdata__ZTVN4mbed6SerialE) refers to Serial.o(i._ZThn88_N4mbed6SerialD1Ev) for thunk{-88} to mbed::Serial::~Serial()
    Serial.o(.constdata__ZTVN4mbed6SerialE) refers to Serial.o(i._ZThn88_N4mbed6SerialD0Ev) for thunk{-88} to mbed::Serial::~Serial__deallocating()
    Serial.o(i._ZN4mbed6SerialD1Ev) refers to Stream.o(i._ZN4mbed6StreamD2Ev) for mbed::Stream::~Stream__sub_object()
    Serial.o(.ARM.exidx) refers to Serial.o(i._ZN4mbed6SerialD1Ev) for i._ZN4mbed6SerialD1Ev
    Serial.o(i._ZN4mbed6SerialD0Ev) refers to Stream.o(i._ZN4mbed6StreamD2Ev) for mbed::Stream::~Stream__sub_object()
    Serial.o(i._ZN4mbed6SerialD0Ev) refers to delete.o(i._ZdlPv) for operator delete (void*)
    Serial.o(.ARM.exidx) refers to Serial.o(i._ZN4mbed6SerialD0Ev) for i._ZN4mbed6SerialD0Ev
    Serial.o(i._ZThn88_N4mbed6SerialD0Ev) refers to Stream.o(i._ZN4mbed6StreamD2Ev) for mbed::Stream::~Stream__sub_object()
    Serial.o(i._ZThn88_N4mbed6SerialD0Ev) refers to delete.o(i._ZdlPv) for operator delete (void*)
    Serial.o(.ARM.exidx) refers to Serial.o(i._ZThn88_N4mbed6SerialD0Ev) for i._ZThn88_N4mbed6SerialD0Ev
    Serial.o(i._ZThn84_N4mbed6SerialD0Ev) refers to Stream.o(i._ZN4mbed6StreamD2Ev) for mbed::Stream::~Stream__sub_object()
    Serial.o(i._ZThn84_N4mbed6SerialD0Ev) refers to delete.o(i._ZdlPv) for operator delete (void*)
    Serial.o(.ARM.exidx) refers to Serial.o(i._ZThn84_N4mbed6SerialD0Ev) for i._ZThn84_N4mbed6SerialD0Ev
    Serial.o(i._ZThn88_N4mbed6SerialD1Ev) refers to Stream.o(i._ZN4mbed6StreamD2Ev) for mbed::Stream::~Stream__sub_object()
    Serial.o(.ARM.exidx) refers to Serial.o(i._ZThn88_N4mbed6SerialD1Ev) for i._ZThn88_N4mbed6SerialD1Ev
    Serial.o(i._ZThn84_N4mbed6SerialD1Ev) refers to Stream.o(i._ZN4mbed6StreamD2Ev) for mbed::Stream::~Stream__sub_object()
    Serial.o(.ARM.exidx) refers to Serial.o(i._ZThn84_N4mbed6SerialD1Ev) for i._ZThn84_N4mbed6SerialD1Ev
    Serial.o(.constdata__ZTIN4mbed6SerialE) refers to lib_rtti_impl.o(.constdata__ZTVN10__cxxabiv121__vmi_class_type_infoE) for vtable for __cxxabiv1::__vmi_class_type_info
    Serial.o(.constdata__ZTIN4mbed6SerialE) refers to Serial.o(.constdata__ZTSN4mbed6SerialE) for typeinfo name for mbed::Serial
    Serial.o(.constdata__ZTIN4mbed6SerialE) refers to Serial.o(.constdata__ZTIN4mbed10SerialBaseE) for typeinfo for mbed::SerialBase
    Serial.o(.constdata__ZTIN4mbed6SerialE) refers to Stream.o(.constdata__ZTIN4mbed6StreamE) for typeinfo for mbed::Stream
    Serial.o(.constdata__ZTIN4mbed10SerialBaseE) refers to lib_rtti_impl.o(.constdata__ZTVN10__cxxabiv117__class_type_infoE) for vtable for __cxxabiv1::__class_type_info
    Serial.o(.constdata__ZTIN4mbed10SerialBaseE) refers to Serial.o(.constdata__ZTSN4mbed10SerialBaseE) for typeinfo name for mbed::SerialBase
    Ticker.o(.constdata__ZTVN4mbed6TickerE) refers to Ticker.o(.constdata__ZTIN4mbed6TickerE) for typeinfo for mbed::Ticker
    Ticker.o(.constdata__ZTVN4mbed6TickerE) refers to Ticker.o(i._ZN4mbed6TickerD1Ev) for mbed::Ticker::~Ticker()
    Ticker.o(.constdata__ZTVN4mbed6TickerE) refers to Ticker.o(i._ZN4mbed6TickerD0Ev) for mbed::Ticker::~Ticker__deallocating()
    Ticker.o(.constdata__ZTVN4mbed6TickerE) refers to Ticker.o(i._ZN4mbed6Ticker7handlerEv) for mbed::Ticker::handler()
    Ticker.o(i._ZN4mbed6TickerD1Ev) refers to TimerEvent.o(i._ZN4mbed10TimerEvent6removeEv) for mbed::TimerEvent::remove()
    Ticker.o(i._ZN4mbed6TickerD1Ev) refers to TimerEvent.o(i._ZN4mbed10TimerEventD2Ev) for mbed::TimerEvent::~TimerEvent__sub_object()
    Ticker.o(i._ZN4mbed6TickerD1Ev) refers to Ticker.o(.constdata__ZTVN4mbed6TickerE) for vtable for mbed::Ticker
    Ticker.o(.ARM.exidx) refers to Ticker.o(i._ZN4mbed6TickerD1Ev) for i._ZN4mbed6TickerD1Ev
    Ticker.o(i._ZN4mbed6TickerD0Ev) refers to TimerEvent.o(i._ZN4mbed10TimerEvent6removeEv) for mbed::TimerEvent::remove()
    Ticker.o(i._ZN4mbed6TickerD0Ev) refers to TimerEvent.o(i._ZN4mbed10TimerEventD2Ev) for mbed::TimerEvent::~TimerEvent__sub_object()
    Ticker.o(i._ZN4mbed6TickerD0Ev) refers to delete.o(i._ZdlPv) for operator delete (void*)
    Ticker.o(i._ZN4mbed6TickerD0Ev) refers to Ticker.o(.constdata__ZTVN4mbed6TickerE) for vtable for mbed::Ticker
    Ticker.o(.ARM.exidx) refers to Ticker.o(i._ZN4mbed6TickerD0Ev) for i._ZN4mbed6TickerD0Ev
    Ticker.o(.constdata__ZTIN4mbed6TickerE) refers to lib_rtti_impl.o(.constdata__ZTVN10__cxxabiv120__si_class_type_infoE) for vtable for __cxxabiv1::__si_class_type_info
    Ticker.o(.constdata__ZTIN4mbed6TickerE) refers to Ticker.o(.constdata__ZTSN4mbed6TickerE) for typeinfo name for mbed::Ticker
    Ticker.o(.constdata__ZTIN4mbed6TickerE) refers to TimerEvent.o(.constdata__ZTIN4mbed10TimerEventE) for typeinfo for mbed::TimerEvent
    Timeout.o(.constdata__ZTVN4mbed7TimeoutE) refers to Timeout.o(.constdata__ZTIN4mbed7TimeoutE) for typeinfo for mbed::Timeout
    Timeout.o(.constdata__ZTVN4mbed7TimeoutE) refers to Timeout.o(i._ZN4mbed7TimeoutD1Ev) for mbed::Timeout::~Timeout()
    Timeout.o(.constdata__ZTVN4mbed7TimeoutE) refers to Timeout.o(i._ZN4mbed7TimeoutD0Ev) for mbed::Timeout::~Timeout__deallocating()
    Timeout.o(.constdata__ZTVN4mbed7TimeoutE) refers to Timeout.o(i._ZN4mbed7Timeout7handlerEv) for mbed::Timeout::handler()
    Timeout.o(i._ZN4mbed7TimeoutD1Ev) refers to Ticker.o(i._ZN4mbed6Ticker6detachEv) for mbed::Ticker::detach()
    Timeout.o(i._ZN4mbed7TimeoutD1Ev) refers to TimerEvent.o(i._ZN4mbed10TimerEventD2Ev) for mbed::TimerEvent::~TimerEvent__sub_object()
    Timeout.o(i._ZN4mbed7TimeoutD1Ev) refers to Ticker.o(.constdata__ZTVN4mbed6TickerE) for vtable for mbed::Ticker
    Timeout.o(.ARM.exidx) refers to Timeout.o(i._ZN4mbed7TimeoutD1Ev) for i._ZN4mbed7TimeoutD1Ev
    Timeout.o(i._ZN4mbed7TimeoutD0Ev) refers to Ticker.o(i._ZN4mbed6Ticker6detachEv) for mbed::Ticker::detach()
    Timeout.o(i._ZN4mbed7TimeoutD0Ev) refers to TimerEvent.o(i._ZN4mbed10TimerEventD2Ev) for mbed::TimerEvent::~TimerEvent__sub_object()
    Timeout.o(i._ZN4mbed7TimeoutD0Ev) refers to delete.o(i._ZdlPv) for operator delete (void*)
    Timeout.o(i._ZN4mbed7TimeoutD0Ev) refers to Ticker.o(.constdata__ZTVN4mbed6TickerE) for vtable for mbed::Ticker
    Timeout.o(.ARM.exidx) refers to Timeout.o(i._ZN4mbed7TimeoutD0Ev) for i._ZN4mbed7TimeoutD0Ev
    Timeout.o(.constdata__ZTIN4mbed7TimeoutE) refers to lib_rtti_impl.o(.constdata__ZTVN10__cxxabiv120__si_class_type_infoE) for vtable for __cxxabiv1::__si_class_type_info
    Timeout.o(.constdata__ZTIN4mbed7TimeoutE) refers to Timeout.o(.constdata__ZTSN4mbed7TimeoutE) for typeinfo name for mbed::Timeout
    Timeout.o(.constdata__ZTIN4mbed7TimeoutE) refers to Ticker.o(.constdata__ZTIN4mbed6TickerE) for typeinfo for mbed::Ticker
    Stream.o(.constdata__ZTVN4mbed6StreamE) refers to Stream.o(.constdata__ZTIN4mbed6StreamE) for typeinfo for mbed::Stream
    Stream.o(.constdata__ZTVN4mbed6StreamE) refers to Stream.o(i._ZN4mbed6Stream5writeEPKvj) for mbed::Stream::write(const void*, unsigned)
    Stream.o(.constdata__ZTVN4mbed6StreamE) refers to Stream.o(i._ZN4mbed6Stream5closeEv) for mbed::Stream::close()
    Stream.o(.constdata__ZTVN4mbed6StreamE) refers to Stream.o(i._ZN4mbed6Stream4readEPvj) for mbed::Stream::read(void*, unsigned)
    Stream.o(.constdata__ZTVN4mbed6StreamE) refers to Stream.o(i._ZN4mbed6Stream6isattyEv) for mbed::Stream::isatty()
    Stream.o(.constdata__ZTVN4mbed6StreamE) refers to Stream.o(i._ZN4mbed6Stream5lseekEli) for mbed::Stream::lseek(long, int)
    Stream.o(.constdata__ZTVN4mbed6StreamE) refers to Stream.o(i._ZN4mbed6Stream5fsyncEv) for mbed::Stream::fsync()
    Stream.o(.constdata__ZTVN4mbed6StreamE) refers to Stream.o(i._ZN4mbed6Stream4flenEv) for mbed::Stream::flen()
    Stream.o(.constdata__ZTVN4mbed6StreamE) refers to Stream.o(i._ZN4mbed6StreamD2Ev) for mbed::Stream::~Stream__sub_object()
    Stream.o(.constdata__ZTVN4mbed6StreamE) refers to Stream.o(i._ZN4mbed6StreamD0Ev) for mbed::Stream::~Stream__deallocating()
    Stream.o(.constdata__ZTVN4mbed6StreamE) refers to pure_virt.o(i.__cxa_pure_virtual) for __cxa_pure_virtual
    Stream.o(.constdata__ZTVN4mbed6StreamE) refers to Stream.o(i._ZThn4_N4mbed6StreamD1Ev) for thunk{-4} to mbed::Stream::~Stream()
    Stream.o(.constdata__ZTVN4mbed6StreamE) refers to Stream.o(i._ZThn4_N4mbed6StreamD0Ev) for thunk{-4} to mbed::Stream::~Stream__deallocating()
    Stream.o(.constdata__ZTIN4mbed6StreamE) refers to lib_rtti_impl.o(.constdata__ZTVN10__cxxabiv120__si_class_type_infoE) for vtable for __cxxabiv1::__si_class_type_info
    Stream.o(.constdata__ZTIN4mbed6StreamE) refers to Stream.o(.constdata__ZTSN4mbed6StreamE) for typeinfo name for mbed::Stream
    Stream.o(.constdata__ZTIN4mbed6StreamE) refers to FileLike.o(.constdata__ZTIN4mbed8FileLikeE) for typeinfo for mbed::FileLike
    TimerEvent.o(.constdata__ZTVN4mbed10TimerEventE) refers to TimerEvent.o(.constdata__ZTIN4mbed10TimerEventE) for typeinfo for mbed::TimerEvent
    TimerEvent.o(.constdata__ZTVN4mbed10TimerEventE) refers to TimerEvent.o(i._ZN4mbed10TimerEventD2Ev) for mbed::TimerEvent::~TimerEvent__sub_object()
    TimerEvent.o(.constdata__ZTVN4mbed10TimerEventE) refers to TimerEvent.o(i._ZN4mbed10TimerEventD0Ev) for mbed::TimerEvent::~TimerEvent__deallocating()
    TimerEvent.o(.constdata__ZTVN4mbed10TimerEventE) refers to pure_virt.o(i.__cxa_pure_virtual) for __cxa_pure_virtual
    TimerEvent.o(.constdata__ZTIN4mbed10TimerEventE) refers to lib_rtti_impl.o(.constdata__ZTVN10__cxxabiv117__class_type_infoE) for vtable for __cxxabiv1::__class_type_info
    TimerEvent.o(.constdata__ZTIN4mbed10TimerEventE) refers to TimerEvent.o(.constdata__ZTSN4mbed10TimerEventE) for typeinfo name for mbed::TimerEvent
    FileBase.o(.constdata__ZTVN4mbed8FileBaseE) refers to FileBase.o(.constdata__ZTIN4mbed8FileBaseE) for typeinfo for mbed::FileBase
    FileBase.o(.constdata__ZTVN4mbed8FileBaseE) refers to FileBase.o(i._ZN4mbed8FileBaseD1Ev) for mbed::FileBase::~FileBase()
    FileBase.o(.constdata__ZTVN4mbed8FileBaseE) refers to FileBase.o(i._ZN4mbed8FileBaseD0Ev) for mbed::FileBase::~FileBase__deallocating()
    FileBase.o(.constdata__ZTIN4mbed8FileBaseE) refers to lib_rtti_impl.o(.constdata__ZTVN10__cxxabiv117__class_type_infoE) for vtable for __cxxabiv1::__class_type_info
    FileBase.o(.constdata__ZTIN4mbed8FileBaseE) refers to FileBase.o(.constdata__ZTSN4mbed8FileBaseE) for typeinfo name for mbed::FileBase
    FileLike.o(.constdata__ZTVN4mbed8FileLikeE) refers to FileLike.o(.constdata__ZTIN4mbed8FileLikeE) for typeinfo for mbed::FileLike
    FileLike.o(.constdata__ZTVN4mbed8FileLikeE) refers to pure_virt.o(i.__cxa_pure_virtual) for __cxa_pure_virtual
    FileLike.o(.constdata__ZTVN4mbed8FileLikeE) refers to retarget.o(i._ZN4mbed10FileHandle4flenEv) for mbed::FileHandle::flen()
    FileLike.o(.constdata__ZTVN4mbed8FileLikeE) refers to FileLike.o(i._ZN4mbed8FileLikeD2Ev) for mbed::FileLike::~FileLike__sub_object()
    FileLike.o(.constdata__ZTVN4mbed8FileLikeE) refers to FileLike.o(i._ZN4mbed8FileLikeD0Ev) for mbed::FileLike::~FileLike__deallocating()
    FileLike.o(.constdata__ZTVN4mbed8FileLikeE) refers to FileLike.o(i._ZThn4_N4mbed8FileLikeD1Ev) for thunk{-4} to mbed::FileLike::~FileLike()
    FileLike.o(.constdata__ZTVN4mbed8FileLikeE) refers to FileLike.o(i._ZThn4_N4mbed8FileLikeD0Ev) for thunk{-4} to mbed::FileLike::~FileLike__deallocating()
    FileLike.o(.constdata__ZTIN4mbed8FileLikeE) refers to lib_rtti_impl.o(.constdata__ZTVN10__cxxabiv121__vmi_class_type_infoE) for vtable for __cxxabiv1::__vmi_class_type_info
    FileLike.o(.constdata__ZTIN4mbed8FileLikeE) refers to FileLike.o(.constdata__ZTSN4mbed8FileLikeE) for typeinfo name for mbed::FileLike
    FileLike.o(.constdata__ZTIN4mbed8FileLikeE) refers to retarget.o(.constdata__ZTIN4mbed10FileHandleE) for typeinfo for mbed::FileHandle
    FileLike.o(.constdata__ZTIN4mbed8FileLikeE) refers to FileBase.o(.constdata__ZTIN4mbed8FileBaseE) for typeinfo for mbed::FileBase
    SerialBase.o(.constdata__ZTVN4mbed10SerialBaseE) refers to Serial.o(.constdata__ZTIN4mbed10SerialBaseE) for typeinfo for mbed::SerialBase
    SerialBase.o(.constdata__ZTVN4mbed10SerialBaseE) refers to SerialBase.o(i._ZN4mbed10SerialBaseD1Ev) for mbed::SerialBase::~SerialBase()
    SerialBase.o(.constdata__ZTVN4mbed10SerialBaseE) refers to SerialBase.o(i._ZN4mbed10SerialBaseD0Ev) for mbed::SerialBase::~SerialBase__deallocating()
    SerialBase.o(.ARM.exidx) refers to SerialBase.o(i._ZN4mbed10SerialBaseD1Ev) for i._ZN4mbed10SerialBaseD1Ev
    SerialBase.o(i._ZN4mbed10SerialBaseD0Ev) refers to delete.o(i._ZdlPv) for operator delete (void*)
    SerialBase.o(.ARM.exidx) refers to SerialBase.o(i._ZN4mbed10SerialBaseD0Ev) for i._ZN4mbed10SerialBaseD0Ev
    lib_rtti_impl.o(.constdata__ZTVN10__cxxabiv123__fundamental_type_infoE) refers to lib_rtti_impl.o(.constdata__ZTIN10__cxxabiv123__fundamental_type_infoE) for typeinfo for __cxxabiv1::__fundamental_type_info
    lib_rtti_impl.o(.constdata__ZTVN10__cxxabiv123__fundamental_type_infoE) refers to lib_rtti_impl.o(i._ZN10__cxxabiv123__fundamental_type_infoD1Ev) for __cxxabiv1::__fundamental_type_info::~__fundamental_type_info()
    lib_rtti_impl.o(.constdata__ZTVN10__cxxabiv123__fundamental_type_infoE) refers to lib_rtti_impl.o(i._ZN10__cxxabiv123__fundamental_type_infoD0Ev) for __cxxabiv1::__fundamental_type_info::~__fundamental_type_info__deallocating()
    lib_rtti_impl.o(.constdata__ZTVN10__cxxabiv117__array_type_infoE) refers to lib_rtti_impl.o(.constdata__ZTIN10__cxxabiv117__array_type_infoE) for typeinfo for __cxxabiv1::__array_type_info
    lib_rtti_impl.o(.constdata__ZTVN10__cxxabiv117__array_type_infoE) refers to lib_rtti_impl.o(i._ZN10__cxxabiv117__array_type_infoD1Ev) for __cxxabiv1::__array_type_info::~__array_type_info()
    lib_rtti_impl.o(.constdata__ZTVN10__cxxabiv117__array_type_infoE) refers to lib_rtti_impl.o(i._ZN10__cxxabiv117__array_type_infoD0Ev) for __cxxabiv1::__array_type_info::~__array_type_info__deallocating()
    lib_rtti_impl.o(.constdata__ZTVN10__cxxabiv120__function_type_infoE) refers to lib_rtti_impl.o(.constdata__ZTIN10__cxxabiv120__function_type_infoE) for typeinfo for __cxxabiv1::__function_type_info
    lib_rtti_impl.o(.constdata__ZTVN10__cxxabiv120__function_type_infoE) refers to lib_rtti_impl.o(i._ZN10__cxxabiv120__function_type_infoD1Ev) for __cxxabiv1::__function_type_info::~__function_type_info()
    lib_rtti_impl.o(.constdata__ZTVN10__cxxabiv120__function_type_infoE) refers to lib_rtti_impl.o(i._ZN10__cxxabiv120__function_type_infoD0Ev) for __cxxabiv1::__function_type_info::~__function_type_info__deallocating()
    lib_rtti_impl.o(.constdata__ZTVN10__cxxabiv116__enum_type_infoE) refers to lib_rtti_impl.o(.constdata__ZTIN10__cxxabiv116__enum_type_infoE) for typeinfo for __cxxabiv1::__enum_type_info
    lib_rtti_impl.o(.constdata__ZTVN10__cxxabiv116__enum_type_infoE) refers to lib_rtti_impl.o(i._ZN10__cxxabiv116__enum_type_infoD1Ev) for __cxxabiv1::__enum_type_info::~__enum_type_info()
    lib_rtti_impl.o(.constdata__ZTVN10__cxxabiv116__enum_type_infoE) refers to lib_rtti_impl.o(i._ZN10__cxxabiv116__enum_type_infoD0Ev) for __cxxabiv1::__enum_type_info::~__enum_type_info__deallocating()
    lib_rtti_impl.o(.constdata__ZTVN10__cxxabiv117__class_type_infoE) refers to lib_rtti_impl.o(.constdata__ZTIN10__cxxabiv117__class_type_infoE) for typeinfo for __cxxabiv1::__class_type_info
    lib_rtti_impl.o(.constdata__ZTVN10__cxxabiv117__class_type_infoE) refers to lib_rtti_impl.o(i._ZN10__cxxabiv117__class_type_infoD1Ev) for __cxxabiv1::__class_type_info::~__class_type_info()
    lib_rtti_impl.o(.constdata__ZTVN10__cxxabiv117__class_type_infoE) refers to lib_rtti_impl.o(i._ZN10__cxxabiv117__class_type_infoD0Ev) for __cxxabiv1::__class_type_info::~__class_type_info__deallocating()
    lib_rtti_impl.o(.constdata__ZTVN10__cxxabiv120__si_class_type_infoE) refers to lib_rtti_impl.o(.constdata__ZTIN10__cxxabiv120__si_class_type_infoE) for typeinfo for __cxxabiv1::__si_class_type_info
    lib_rtti_impl.o(.constdata__ZTVN10__cxxabiv120__si_class_type_infoE) refers to lib_rtti_impl.o(i._ZN10__cxxabiv120__si_class_type_infoD1Ev) for __cxxabiv1::__si_class_type_info::~__si_class_type_info()
    lib_rtti_impl.o(.constdata__ZTVN10__cxxabiv120__si_class_type_infoE) refers to lib_rtti_impl.o(i._ZN10__cxxabiv120__si_class_type_infoD0Ev) for __cxxabiv1::__si_class_type_info::~__si_class_type_info__deallocating()
    lib_rtti_impl.o(.constdata__ZTVN10__cxxabiv121__vmi_class_type_infoE) refers to lib_rtti_impl.o(.constdata__ZTIN10__cxxabiv121__vmi_class_type_infoE) for typeinfo for __cxxabiv1::__vmi_class_type_info
    lib_rtti_impl.o(.constdata__ZTVN10__cxxabiv121__vmi_class_type_infoE) refers to lib_rtti_impl.o(i._ZN10__cxxabiv121__vmi_class_type_infoD1Ev) for __cxxabiv1::__vmi_class_type_info::~__vmi_class_type_info()
    lib_rtti_impl.o(.constdata__ZTVN10__cxxabiv121__vmi_class_type_infoE) refers to lib_rtti_impl.o(i._ZN10__cxxabiv121__vmi_class_type_infoD0Ev) for __cxxabiv1::__vmi_class_type_info::~__vmi_class_type_info__deallocating()
    lib_rtti_impl.o(.constdata__ZTVN10__cxxabiv117__pbase_type_infoE) refers to lib_rtti_impl.o(.constdata__ZTIN10__cxxabiv117__pbase_type_infoE) for typeinfo for __cxxabiv1::__pbase_type_info
    lib_rtti_impl.o(.constdata__ZTVN10__cxxabiv117__pbase_type_infoE) refers to lib_rtti_impl.o(i._ZN10__cxxabiv117__pbase_type_infoD1Ev) for __cxxabiv1::__pbase_type_info::~__pbase_type_info()
    lib_rtti_impl.o(.constdata__ZTVN10__cxxabiv117__pbase_type_infoE) refers to lib_rtti_impl.o(i._ZN10__cxxabiv117__pbase_type_infoD0Ev) for __cxxabiv1::__pbase_type_info::~__pbase_type_info__deallocating()
    lib_rtti_impl.o(.constdata__ZTVN10__cxxabiv119__pointer_type_infoE) refers to lib_rtti_impl.o(.constdata__ZTIN10__cxxabiv119__pointer_type_infoE) for typeinfo for __cxxabiv1::__pointer_type_info
    lib_rtti_impl.o(.constdata__ZTVN10__cxxabiv119__pointer_type_infoE) refers to lib_rtti_impl.o(i._ZN10__cxxabiv119__pointer_type_infoD1Ev) for __cxxabiv1::__pointer_type_info::~__pointer_type_info()
    lib_rtti_impl.o(.constdata__ZTVN10__cxxabiv119__pointer_type_infoE) refers to lib_rtti_impl.o(i._ZN10__cxxabiv119__pointer_type_infoD0Ev) for __cxxabiv1::__pointer_type_info::~__pointer_type_info__deallocating()
    lib_rtti_impl.o(.constdata__ZTVN10__cxxabiv129__pointer_to_member_type_infoE) refers to lib_rtti_impl.o(.constdata__ZTIN10__cxxabiv129__pointer_to_member_type_infoE) for typeinfo for __cxxabiv1::__pointer_to_member_type_info
    lib_rtti_impl.o(.constdata__ZTVN10__cxxabiv129__pointer_to_member_type_infoE) refers to lib_rtti_impl.o(i._ZN10__cxxabiv129__pointer_to_member_type_infoD1Ev) for __cxxabiv1::__pointer_to_member_type_info::~__pointer_to_member_type_info()
    lib_rtti_impl.o(.constdata__ZTVN10__cxxabiv129__pointer_to_member_type_infoE) refers to lib_rtti_impl.o(i._ZN10__cxxabiv129__pointer_to_member_type_infoD0Ev) for __cxxabiv1::__pointer_to_member_type_info::~__pointer_to_member_type_info__deallocating()
    lib_rtti_impl.o(.ARM.exidx) refers to lib_rtti_impl.o(i._ZNSt9type_infodlEPv) for i._ZNSt9type_infodlEPv
    lib_rtti_impl.o(.constdata__ZTIN10__cxxabiv123__fundamental_type_infoE) refers to lib_rtti_impl.o(.constdata__ZTVN10__cxxabiv120__si_class_type_infoE) for vtable for __cxxabiv1::__si_class_type_info
    lib_rtti_impl.o(.constdata__ZTIN10__cxxabiv123__fundamental_type_infoE) refers to lib_rtti_impl.o(.constdata__ZTSN10__cxxabiv123__fundamental_type_infoE) for typeinfo name for __cxxabiv1::__fundamental_type_info
    lib_rtti_impl.o(.constdata__ZTIN10__cxxabiv123__fundamental_type_infoE) refers to type_info_dtor.o(.constdata__ZTISt9type_info) for typeinfo for std::type_info
    lib_rtti_impl.o(.constdata__ZTIN10__cxxabiv117__array_type_infoE) refers to lib_rtti_impl.o(.constdata__ZTVN10__cxxabiv120__si_class_type_infoE) for vtable for __cxxabiv1::__si_class_type_info
    lib_rtti_impl.o(.constdata__ZTIN10__cxxabiv117__array_type_infoE) refers to lib_rtti_impl.o(.constdata__ZTSN10__cxxabiv117__array_type_infoE) for typeinfo name for __cxxabiv1::__array_type_info
    lib_rtti_impl.o(.constdata__ZTIN10__cxxabiv117__array_type_infoE) refers to type_info_dtor.o(.constdata__ZTISt9type_info) for typeinfo for std::type_info
    lib_rtti_impl.o(.constdata__ZTIN10__cxxabiv120__function_type_infoE) refers to lib_rtti_impl.o(.constdata__ZTVN10__cxxabiv120__si_class_type_infoE) for vtable for __cxxabiv1::__si_class_type_info
    lib_rtti_impl.o(.constdata__ZTIN10__cxxabiv120__function_type_infoE) refers to lib_rtti_impl.o(.constdata__ZTSN10__cxxabiv120__function_type_infoE) for typeinfo name for __cxxabiv1::__function_type_info
    lib_rtti_impl.o(.constdata__ZTIN10__cxxabiv120__function_type_infoE) refers to type_info_dtor.o(.constdata__ZTISt9type_info) for typeinfo for std::type_info
    lib_rtti_impl.o(.constdata__ZTIN10__cxxabiv116__enum_type_infoE) refers to lib_rtti_impl.o(.constdata__ZTVN10__cxxabiv120__si_class_type_infoE) for vtable for __cxxabiv1::__si_class_type_info
    lib_rtti_impl.o(.constdata__ZTIN10__cxxabiv116__enum_type_infoE) refers to lib_rtti_impl.o(.constdata__ZTSN10__cxxabiv116__enum_type_infoE) for typeinfo name for __cxxabiv1::__enum_type_info
    lib_rtti_impl.o(.constdata__ZTIN10__cxxabiv116__enum_type_infoE) refers to type_info_dtor.o(.constdata__ZTISt9type_info) for typeinfo for std::type_info
    lib_rtti_impl.o(.constdata__ZTIN10__cxxabiv117__class_type_infoE) refers to lib_rtti_impl.o(.constdata__ZTVN10__cxxabiv120__si_class_type_infoE) for vtable for __cxxabiv1::__si_class_type_info
    lib_rtti_impl.o(.constdata__ZTIN10__cxxabiv117__class_type_infoE) refers to lib_rtti_impl.o(.constdata__ZTSN10__cxxabiv117__class_type_infoE) for typeinfo name for __cxxabiv1::__class_type_info
    lib_rtti_impl.o(.constdata__ZTIN10__cxxabiv117__class_type_infoE) refers to type_info_dtor.o(.constdata__ZTISt9type_info) for typeinfo for std::type_info
    lib_rtti_impl.o(.constdata__ZTIN10__cxxabiv120__si_class_type_infoE) refers to lib_rtti_impl.o(.constdata__ZTVN10__cxxabiv120__si_class_type_infoE) for vtable for __cxxabiv1::__si_class_type_info
    lib_rtti_impl.o(.constdata__ZTIN10__cxxabiv120__si_class_type_infoE) refers to lib_rtti_impl.o(.constdata__ZTSN10__cxxabiv120__si_class_type_infoE) for typeinfo name for __cxxabiv1::__si_class_type_info
    lib_rtti_impl.o(.constdata__ZTIN10__cxxabiv120__si_class_type_infoE) refers to lib_rtti_impl.o(.constdata__ZTIN10__cxxabiv117__class_type_infoE) for typeinfo for __cxxabiv1::__class_type_info
    lib_rtti_impl.o(.constdata__ZTIN10__cxxabiv121__vmi_class_type_infoE) refers to lib_rtti_impl.o(.constdata__ZTVN10__cxxabiv120__si_class_type_infoE) for vtable for __cxxabiv1::__si_class_type_info
    lib_rtti_impl.o(.constdata__ZTIN10__cxxabiv121__vmi_class_type_infoE) refers to lib_rtti_impl.o(.constdata__ZTSN10__cxxabiv121__vmi_class_type_infoE) for typeinfo name for __cxxabiv1::__vmi_class_type_info
    lib_rtti_impl.o(.constdata__ZTIN10__cxxabiv121__vmi_class_type_infoE) refers to lib_rtti_impl.o(.constdata__ZTIN10__cxxabiv117__class_type_infoE) for typeinfo for __cxxabiv1::__class_type_info
    lib_rtti_impl.o(.constdata__ZTIN10__cxxabiv117__pbase_type_infoE) refers to lib_rtti_impl.o(.constdata__ZTVN10__cxxabiv120__si_class_type_infoE) for vtable for __cxxabiv1::__si_class_type_info
    lib_rtti_impl.o(.constdata__ZTIN10__cxxabiv117__pbase_type_infoE) refers to lib_rtti_impl.o(.constdata__ZTSN10__cxxabiv117__pbase_type_infoE) for typeinfo name for __cxxabiv1::__pbase_type_info
    lib_rtti_impl.o(.constdata__ZTIN10__cxxabiv117__pbase_type_infoE) refers to type_info_dtor.o(.constdata__ZTISt9type_info) for typeinfo for std::type_info
    lib_rtti_impl.o(.constdata__ZTIN10__cxxabiv119__pointer_type_infoE) refers to lib_rtti_impl.o(.constdata__ZTVN10__cxxabiv120__si_class_type_infoE) for vtable for __cxxabiv1::__si_class_type_info
    lib_rtti_impl.o(.constdata__ZTIN10__cxxabiv119__pointer_type_infoE) refers to lib_rtti_impl.o(.constdata__ZTSN10__cxxabiv119__pointer_type_infoE) for typeinfo name for __cxxabiv1::__pointer_type_info
    lib_rtti_impl.o(.constdata__ZTIN10__cxxabiv119__pointer_type_infoE) refers to lib_rtti_impl.o(.constdata__ZTIN10__cxxabiv117__pbase_type_infoE) for typeinfo for __cxxabiv1::__pbase_type_info
    lib_rtti_impl.o(.constdata__ZTIN10__cxxabiv129__pointer_to_member_type_infoE) refers to lib_rtti_impl.o(.constdata__ZTVN10__cxxabiv120__si_class_type_infoE) for vtable for __cxxabiv1::__si_class_type_info
    lib_rtti_impl.o(.constdata__ZTIN10__cxxabiv129__pointer_to_member_type_infoE) refers to lib_rtti_impl.o(.constdata__ZTSN10__cxxabiv129__pointer_to_member_type_infoE) for typeinfo name for __cxxabiv1::__pointer_to_member_type_info
    lib_rtti_impl.o(.constdata__ZTIN10__cxxabiv129__pointer_to_member_type_infoE) refers to lib_rtti_impl.o(.constdata__ZTIN10__cxxabiv117__pbase_type_infoE) for typeinfo for __cxxabiv1::__pbase_type_info
    lib_rtti_impl.o(i.__ARM_common_noexcept_landing) refers to arm_exceptions_callterm.o(.text) for __cxa_call_terminate
    lib_rtti_impl.o(.ARM.exidx) refers to lib_rtti_impl.o(i.__ARM_common_noexcept_landing) for i.__ARM_common_noexcept_landing
    bad_alloc_dtor.o(.constdata__ZTVSt9bad_alloc) refers to bad_alloc_dtor.o(.constdata__ZTISt9bad_alloc) for typeinfo for std::bad_alloc
    bad_alloc_dtor.o(.constdata__ZTVSt9bad_alloc) refers to bad_alloc_dtor.o(i._ZNSt9bad_allocD1Ev) for std::bad_alloc::~bad_alloc()
    bad_alloc_dtor.o(.constdata__ZTVSt9bad_alloc) refers to bad_alloc_dtor.o(i._ZNSt9bad_allocD0Ev) for std::bad_alloc::~bad_alloc__deallocating()
    bad_alloc_dtor.o(.constdata__ZTVSt9bad_alloc) refers to bad_alloc_what.o(i._ZNKSt9bad_alloc4whatEv) for std::bad_alloc::what() const
    bad_alloc_dtor.o(.constdata__ZTISt9bad_alloc) refers to lib_rtti_impl.o(.constdata__ZTVN10__cxxabiv120__si_class_type_infoE) for vtable for __cxxabiv1::__si_class_type_info
    bad_alloc_dtor.o(.constdata__ZTISt9bad_alloc) refers to bad_alloc_dtor.o(.constdata__ZTSSt9bad_alloc) for typeinfo name for std::bad_alloc
    bad_alloc_dtor.o(.constdata__ZTISt9bad_alloc) refers to exception_dtor.o(.constdata__ZTISt9exception) for typeinfo for std::exception
    type_info_dtor.o(.constdata__ZTVSt9type_info) refers to type_info_dtor.o(.constdata__ZTISt9type_info) for typeinfo for std::type_info
    type_info_dtor.o(.constdata__ZTVSt9type_info) refers to type_info_dtor.o(i._ZNSt9type_infoD1Ev) for std::type_info::~type_info()
    type_info_dtor.o(.constdata__ZTVSt9type_info) refers to type_info_dtor.o(i._ZNSt9type_infoD0Ev) for std::type_info::~type_info__deallocating()
    type_info_dtor.o(.constdata__ZTISt9type_info) refers to lib_rtti_impl.o(.constdata__ZTVN10__cxxabiv117__class_type_infoE) for vtable for __cxxabiv1::__class_type_info
    type_info_dtor.o(.constdata__ZTISt9type_info) refers to type_info_dtor.o(.constdata__ZTSSt9type_info) for typeinfo name for std::type_info
    scanf_fp.o(i._is_digit) refers (Special) to iusefp.o(.text) for __I$use$fp
    exception_dtor.o(.constdata__ZTVSt9exception) refers to exception_dtor.o(.constdata__ZTISt9exception) for typeinfo for std::exception
    exception_dtor.o(.constdata__ZTVSt9exception) refers to exception_dtor.o(i._ZNSt9exceptionD1Ev) for std::exception::~exception()
    exception_dtor.o(.constdata__ZTVSt9exception) refers to exception_dtor.o(i._ZNSt9exceptionD0Ev) for std::exception::~exception__deallocating()
    exception_dtor.o(.constdata__ZTVSt9exception) refers to exception_what.o(i._ZNKSt9exception4whatEv) for std::exception::what() const
    exception_dtor.o(.constdata__ZTISt9exception) refers to lib_rtti_impl.o(.constdata__ZTVN10__cxxabiv117__class_type_infoE) for vtable for __cxxabiv1::__class_type_info
    exception_dtor.o(.constdata__ZTISt9exception) refers to exception_dtor.o(.constdata__ZTSSt9exception) for typeinfo name for std::exception

