<html>
<body>
<pre>
<h1>µVision Build Log</h1>
<h2>Tool Versions:</h2>
IDE-Version: µVision V5.18.0.0
Copyright (C) 2016 ARM Ltd and ARM Germany GmbH. All rights reserved.
License Information: Guyue Zhou, UCSD, LIC=----
 
Tool Versions:
Toolchain:       MDK-Lite  Version: 5.18
Toolchain Path:  C:\Keil_v5\ARM\ARMCC\Bin
C Compiler:      Armcc.exe V5.06 update 1 (build 61)
Assembler:       Armasm.exe V5.06 update 1 (build 61)
Linker/Locator:  ArmLink.exe V5.06 update 1 (build 61)
Library Manager: ArmAr.exe V5.06 update 1 (build 61)
Hex Converter:   FromElf.exe V5.06 update 1 (build 61)
CPU DLL:         SARMCM3.DLL V5.18
Dialog DLL:      DCM.DLL V1.13.6.0
Target DLL:      STLink\ST-LINKIII-KEIL_SWO.dll V2.0.18.0
Dialog DLL:      TCM.DLL V1.14.8.0
 
<h2>Project:</h2>
C:\Users\SouICry\Desktop\Micromouse_test\Micromouse_test.uvprojx
Project File Date:  02/22/2016

<h2>Output:</h2>
*** Using Compiler 'V5.06 update 1 (build 61)', folder: 'C:\Keil_v5\ARM\ARMCC\Bin'
Build target 'mbed NUCLEO_F401RE'
compiling motor.cpp...
compiling encoder.cpp...
compiling ir.cpp...
compiling pin_assignments.cpp...
pin_assignments.cpp(37): warning:  #1-D: last line of file ends without a newline
  */
pin_assignments.cpp: 1 warning, 0 errors
compiling gyro.cpp...
gyro.cpp(74): warning:  #1035-D: single-precision operand implicitly converted to double-precision
      degrees += (_input - nullVoltage) * 
EGREES_PER_ANALOG_IN_UNIT;
gyro.cpp(78): warning:  #1035-D: single-precision operand implicitly converted to double-precision
  	  degrees += (_input - nullVoltage) * 
EGREES_PER_ANALOG_IN_UNIT;
gyro.cpp: 2 warnings, 0 errors
compiling main.cpp...
main.cpp(83): warning:  #1446-D: non-POD class type passed through ellipsis
      pc.printf("Left: %i\r\n", leftEncoder);
main.cpp(87): warning:  #1446-D: non-POD class type passed through ellipsis
      pc.printf("Right: %i\r\n", rightEncoder);
main.cpp(93): warning:  #1446-D: non-POD class type passed through ellipsis
      pc.printf("\r\nLeft: %i\r\n", leftEncoder);
main.cpp(94): warning:  #1446-D: non-POD class type passed through ellipsis
      pc.printf("Right: %i\r\n", rightEncoder);
main.cpp: 4 warnings, 0 errors
linking...
Program Size: Code=22164 RO-data=2468 RW-data=132 ZI-data=3944  
After Build - User command #1: fromelf --bin -o build\Micromouse_test_NUCLEO_F401RE.bin build\Micromouse_test.axf
".\build\Micromouse_test.axf" - 0 Error(s), 7 Warning(s).

<h2>Software Packages used:</h2>

Package Vendor: ARM
                http://www.keil.com/pack/ARM.CMSIS.4.5.0.pack
                ARM::CMSIS:CORE:4.3.0
                CMSIS (Cortex Microcontroller Software Interface Standard)
   * Component: CORE Version: 4.3.0

<h2>Collection of Component include folders:</h2>
  C:\Users\SouICry\Desktop\Micromouse_test\RTE
  C:\Keil_v5\ARM\PACK\ARM\CMSIS\4.5.0\CMSIS\Include
  C:\Keil_v5\ARM\PACK\Keil\STM32F4xx_DFP\2.7.0\Drivers\CMSIS\Device\ST\STM32F4xx\Include

<h2>Collection of Component Files used:</h2>

   * Component: ARM::CMSIS:CORE:4.3.0
Build Time Elapsed:  00:00:31
</pre>
</body>
</html>
